Component: ARM Compiler 5.05 update 1 (build 106) Tool: armlink [4d0efa]

==============================================================================

Section Cross References

    main.o(i.main) refers to _printf_percent.o(.ARM.Collect$$_printf_percent$$00000000) for _printf_percent
    main.o(i.main) refers to _printf_d.o(.ARM.Collect$$_printf_percent$$00000009) for _printf_d
    main.o(i.main) refers to _printf_f.o(.ARM.Collect$$_printf_percent$$00000003) for _printf_f
    main.o(i.main) refers to _printf_dec.o(.text) for _printf_int_dec
    main.o(i.main) refers to printf1.o(x$fpl$printf1) for _printf_fp_dec
    main.o(i.main) refers to myconfig.o(i.NVIC_Config) for NVIC_Config
    main.o(i.main) refers to usart.o(i.uart_init) for uart_init
    main.o(i.main) refers to delay.o(i.Delay_Init) for Delay_Init
    main.o(i.main) refers to gpio.o(i.gpio_init) for gpio_init
    main.o(i.main) refers to motor.o(i.Motor_GPIO_Init) for Motor_GPIO_Init
    main.o(i.main) refers to adc.o(i.adc_init) for adc_init
    main.o(i.main) refers to tim1.o(i.TIM1_PWM_Init) for TIM1_PWM_Init
    main.o(i.main) refers to encoder.o(i.TIM2_Encoder_Init) for TIM2_Encoder_Init
    main.o(i.main) refers to encoder.o(i.TIM4_Encoder_Init) for TIM4_Encoder_Init
    main.o(i.main) refers to tim3.o(i.Tim3_Init) for Tim3_Init
    main.o(i.main) refers to key.o(i.KEY_Init) for KEY_Init
    main.o(i.main) refers to infrared.o(i.Infrafred_GPIO_Init) for Infrafred_GPIO_Init
    main.o(i.main) refers to usart.o(i.uart1_send_string) for uart1_send_string
    main.o(i.main) refers to delay.o(i.Delay_ms) for Delay_ms
    main.o(i.main) refers to myconfig.o(i.Velocity_Test_Start) for Velocity_Test_Start
    main.o(i.main) refers to myconfig.o(i.Velocity_Test_Stop) for Velocity_Test_Stop
    main.o(i.main) refers to f2d.o(x$fpl$f2d) for __aeabi_f2d
    main.o(i.main) refers to noretval__2sprintf.o(.text) for __2sprintf
    main.o(i.main) refers to rt_memclr.o(.text) for __aeabi_memclr
    main.o(i.main) refers to main.o(.data) for g_Task_Status_Changed_Flag
    main.o(i.main) refers to myconfig.o(.data) for Flag
    main.o(i.main) refers to main.o(.bss) for rx_buff
    stm32f10x_it.o(i.ADC1_2_IRQHandler) refers to stm32f10x_adc.o(i.ADC_GetConversionValue) for ADC_GetConversionValue
    stm32f10x_it.o(i.ADC1_2_IRQHandler) refers to stm32f10x_it.o(.data) for ADC2ConvertedValue
    adc.o(i.adc_getValue) refers to stm32f10x_adc.o(i.ADC_RegularChannelConfig) for ADC_RegularChannelConfig
    adc.o(i.adc_getValue) refers to stm32f10x_adc.o(i.ADC_SoftwareStartConvCmd) for ADC_SoftwareStartConvCmd
    adc.o(i.adc_getValue) refers to stm32f10x_adc.o(i.ADC_GetFlagStatus) for ADC_GetFlagStatus
    adc.o(i.adc_getValue) refers to stm32f10x_adc.o(i.ADC_GetConversionValue) for ADC_GetConversionValue
    adc.o(i.adc_init) refers to stm32f10x_rcc.o(i.RCC_APB2PeriphClockCmd) for RCC_APB2PeriphClockCmd
    adc.o(i.adc_init) refers to stm32f10x_rcc.o(i.RCC_ADCCLKConfig) for RCC_ADCCLKConfig
    adc.o(i.adc_init) refers to stm32f10x_gpio.o(i.GPIO_Init) for GPIO_Init
    adc.o(i.adc_init) refers to stm32f10x_adc.o(i.ADC_DeInit) for ADC_DeInit
    adc.o(i.adc_init) refers to stm32f10x_adc.o(i.ADC_Init) for ADC_Init
    adc.o(i.adc_init) refers to stm32f10x_adc.o(i.ADC_Cmd) for ADC_Cmd
    adc.o(i.adc_init) refers to stm32f10x_adc.o(i.ADC_ResetCalibration) for ADC_ResetCalibration
    adc.o(i.adc_init) refers to stm32f10x_adc.o(i.ADC_GetResetCalibrationStatus) for ADC_GetResetCalibrationStatus
    adc.o(i.adc_init) refers to stm32f10x_adc.o(i.ADC_StartCalibration) for ADC_StartCalibration
    adc.o(i.adc_init) refers to stm32f10x_adc.o(i.ADC_GetCalibrationStatus) for ADC_GetCalibrationStatus
    gpio.o(i.gpio_init) refers to stm32f10x_rcc.o(i.RCC_APB2PeriphClockCmd) for RCC_APB2PeriphClockCmd
    gpio.o(i.gpio_init) refers to stm32f10x_gpio.o(i.GPIO_Init) for GPIO_Init
    gpio.o(i.gpio_init) refers to stm32f10x_gpio.o(i.GPIO_WriteBit) for GPIO_WriteBit
    usart.o(i.fputc) refers to stm32f10x_usart.o(i.USART_SendData) for USART_SendData
    usart.o(i.fputc) refers to stm32f10x_usart.o(i.USART_GetFlagStatus) for USART_GetFlagStatus
    usart.o(i.uart1_send_char) refers to stm32f10x_usart.o(i.USART_SendData) for USART_SendData
    usart.o(i.uart1_send_char) refers to stm32f10x_usart.o(i.USART_GetFlagStatus) for USART_GetFlagStatus
    usart.o(i.uart1_send_string) refers to usart.o(i.uart1_send_char) for uart1_send_char
    usart.o(i.uart_init) refers to stm32f10x_rcc.o(i.RCC_APB2PeriphClockCmd) for RCC_APB2PeriphClockCmd
    usart.o(i.uart_init) refers to stm32f10x_gpio.o(i.GPIO_Init) for GPIO_Init
    usart.o(i.uart_init) refers to misc.o(i.NVIC_Init) for NVIC_Init
    usart.o(i.uart_init) refers to stm32f10x_usart.o(i.USART_Init) for USART_Init
    usart.o(i.uart_init) refers to stm32f10x_usart.o(i.USART_ITConfig) for USART_ITConfig
    usart.o(i.uart_init) refers to stm32f10x_usart.o(i.USART_Cmd) for USART_Cmd
[...]
    ..\Drivers\STM32F10x_StdPeriph_Driver\src\stm32f10x_crc.c 0x00000000   Number         0  stm32f10x_crc.o ABSOLUTE
    ..\Drivers\STM32F10x_StdPeriph_Driver\src\stm32f10x_dac.c 0x00000000   Number         0  stm32f10x_dac.o ABSOLUTE
    ..\Drivers\STM32F10x_StdPeriph_Driver\src\stm32f10x_dbgmcu.c 0x00000000   Number         0  stm32f10x_dbgmcu.o ABSOLUTE
    ..\Drivers\STM32F10x_StdPeriph_Driver\src\stm32f10x_dma.c 0x00000000   Number         0  stm32f10x_dma.o ABSOLUTE
    ..\Drivers\STM32F10x_StdPeriph_Driver\src\stm32f10x_exti.c 0x00000000   Number         0  stm32f10x_exti.o ABSOLUTE
    ..\Drivers\STM32F10x_StdPeriph_Driver\src\stm32f10x_flash.c 0x00000000   Number         0  stm32f10x_flash.o ABSOLUTE
    ..\Drivers\STM32F10x_StdPeriph_Driver\src\stm32f10x_fsmc.c 0x00000000   Number         0  stm32f10x_fsmc.o ABSOLUTE
    ..\Drivers\STM32F10x_StdPeriph_Driver\src\stm32f10x_gpio.c 0x00000000   Number         0  stm32f10x_gpio.o ABSOLUTE
    ..\Drivers\STM32F10x_StdPeriph_Driver\src\stm32f10x_i2c.c 0x00000000   Number         0  stm32f10x_i2c.o ABSOLUTE
    ..\Drivers\STM32F10x_StdPeriph_Driver\src\stm32f10x_iwdg.c 0x00000000   Number         0  stm32f10x_iwdg.o ABSOLUTE
    ..\Drivers\STM32F10x_StdPeriph_Driver\src\stm32f10x_pwr.c 0x00000000   Number         0  stm32f10x_pwr.o ABSOLUTE
    ..\Drivers\STM32F10x_StdPeriph_Driver\src\stm32f10x_rcc.c 0x00000000   Number         0  stm32f10x_rcc.o ABSOLUTE
    ..\Drivers\STM32F10x_StdPeriph_Driver\src\stm32f10x_rtc.c 0x00000000   Number         0  stm32f10x_rtc.o ABSOLUTE
    ..\Drivers\STM32F10x_StdPeriph_Driver\src\stm32f10x_sdio.c 0x00000000   Number         0  stm32f10x_sdio.o ABSOLUTE
    ..\Drivers\STM32F10x_StdPeriph_Driver\src\stm32f10x_spi.c 0x00000000   Number         0  stm32f10x_spi.o ABSOLUTE
    ..\Drivers\STM32F10x_StdPeriph_Driver\src\stm32f10x_tim.c 0x00000000   Number         0  stm32f10x_tim.o ABSOLUTE
    ..\Drivers\STM32F10x_StdPeriph_Driver\src\stm32f10x_usart.c 0x00000000   Number         0  stm32f10x_usart.o ABSOLUTE
    ..\Drivers\STM32F10x_StdPeriph_Driver\src\stm32f10x_wwdg.c 0x00000000   Number         0  stm32f10x_wwdg.o ABSOLUTE
    ..\\Drivers\\CMSIS\\core_cm3.c           0x00000000   Number         0  core_cm3.o ABSOLUTE
    Infrared.c                               0x00000000   Number         0  infrared.o ABSOLUTE
    LED.c                                    0x00000000   Number         0  led.o ABSOLUTE
    OLED.c                                   0x00000000   Number         0  oled.o ABSOLUTE
    Tim1.c                                   0x00000000   Number         0  tim1.o ABSOLUTE
    dc.s                                     0x00000000   Number         0  dc.o ABSOLUTE
    key.c                                    0x00000000   Number         0  key.o ABSOLUTE
    sys.c                                    0x00000000   Number         0  sys.o ABSOLUTE
    sys.c                                    0x00000000   Number         0  sys.o ABSOLUTE
    RESET                                    0x08000000   Section      236  startup_stm32f10x_md.o(RESET)
    !!!main                                  0x080000ec   Section        8  __main.o(!!!main)
    !!!scatter                               0x080000f4   Section       52  __scatter.o(!!!scatter)
    !!handler_copy                           0x08000128   Section       26  __scatter_copy.o(!!handler_copy)
    !!handler_zi                             0x08000144   Section       28  __scatter_zi.o(!!handler_zi)
    .ARM.Collect$$_printf_percent$$00000000  0x08000160   Section        0  _printf_percent.o(.ARM.Collect$$_printf_percent$$00000000)
    .ARM.Collect$$_printf_percent$$00000003  0x08000160   Section        6  _printf_f.o(.ARM.Collect$$_printf_percent$$00000003)
    .ARM.Collect$$_printf_percent$$00000009  0x08000166   Section        6  _printf_d.o(.ARM.Collect$$_printf_percent$$00000009)
    .ARM.Collect$$_printf_percent$$00000017  0x0800016c   Section        4  _printf_percent_end.o(.ARM.Collect$$_printf_percent$$00000017)
    .ARM.Collect$$libinit$$00000000          0x08000170   Section        2  libinit.o(.ARM.Collect$$libinit$$00000000)
    .ARM.Collect$$libinit$$00000002          0x08000172   Section        0  libinit2.o(.ARM.Collect$$libinit$$00000002)
    .ARM.Collect$$libinit$$00000004          0x08000172   Section        0  libinit2.o(.ARM.Collect$$libinit$$00000004)
    .ARM.Collect$$libinit$$0000000A          0x08000172   Section        0  libinit2.o(.ARM.Collect$$libinit$$0000000A)
    .ARM.Collect$$libinit$$0000000C          0x08000172   Section        0  libinit2.o(.ARM.Collect$$libinit$$0000000C)
    .ARM.Collect$$libinit$$0000000E          0x08000172   Section        0  libinit2.o(.ARM.Collect$$libinit$$0000000E)
    .ARM.Collect$$libinit$$0000000F          0x08000172   Section        6  libinit2.o(.ARM.Collect$$libinit$$0000000F)
    .ARM.Collect$$libinit$$00000011          0x08000178   Section        0  libinit2.o(.ARM.Collect$$libinit$$00000011)
    .ARM.Collect$$libinit$$00000013          0x08000178   Section        0  libinit2.o(.ARM.Collect$$libinit$$00000013)
    .ARM.Collect$$libinit$$00000015          0x08000178   Section        0  libinit2.o(.ARM.Collect$$libinit$$00000015)
    .ARM.Collect$$libinit$$00000016          0x08000178   Section       10  libinit2.o(.ARM.Collect$$libinit$$00000016)
    .ARM.Collect$$libinit$$00000017          0x08000182   Section        0  libinit2.o(.ARM.Collect$$libinit$$00000017)
    .ARM.Collect$$libinit$$00000019          0x08000182   Section        0  libinit2.o(.ARM.Collect$$libinit$$00000019)
    .ARM.Collect$$libinit$$0000001B          0x08000182   Section        0  libinit2.o(.ARM.Collect$$libinit$$0000001B)
    .ARM.Collect$$libinit$$0000001D          0x08000182   Section        0  libinit2.o(.ARM.Collect$$libinit$$0000001D)
    .ARM.Collect$$libinit$$0000001F          0x08000182   Section        0  libinit2.o(.ARM.Collect$$libinit$$0000001F)
    .ARM.Collect$$libinit$$00000021          0x08000182   Section        0  libinit2.o(.ARM.Collect$$libinit$$00000021)
    .ARM.Collect$$libinit$$00000023          0x08000182   Section        0  libinit2.o(.ARM.Collect$$libinit$$00000023)
    .ARM.Collect$$libinit$$00000025          0x08000182   Section        0  libinit2.o(.ARM.Collect$$libinit$$00000025)
    .ARM.Collect$$libinit$$0000002C          0x08000182   Section        0  libinit2.o(.ARM.Collect$$libinit$$0000002C)
    .ARM.Collect$$libinit$$0000002E          0x08000182   Section        0  libinit2.o(.ARM.Collect$$libinit$$0000002E)
    .ARM.Collect$$libinit$$00000030          0x08000182   Section        0  libinit2.o(.ARM.Collect$$libinit$$00000030)
    .ARM.Collect$$libinit$$00000032          0x08000182   Section        0  libinit2.o(.ARM.Collect$$libinit$$00000032)
    .ARM.Collect$$libinit$$00000033          0x08000182   Section        2  libinit2.o(.ARM.Collect$$libinit$$00000033)
    .ARM.Collect$$libshutdown$$00000000      0x08000184   Section        2  libshutdown.o(.ARM.Collect$$libshutdown$$00000000)
    .ARM.Collect$$libshutdown$$00000003      0x08000186   Section        0  libshutdown2.o(.ARM.Collect$$libshutdown$$00000003)
    .ARM.Collect$$libshutdown$$00000006      0x08000186   Section        0  libshutdown2.o(.ARM.Collect$$libshutdown$$00000006)
    .ARM.Collect$$libshutdown$$00000009      0x08000186   Section        0  libshutdown2.o(.ARM.Collect$$libshutdown$$00000009)
    .ARM.Collect$$libshutdown$$0000000B      0x08000186   Section        0  libshutdown2.o(.ARM.Collect$$libshutdown$$0000000B)
    .ARM.Collect$$libshutdown$$0000000E      0x08000186   Section        0  libshutdown2.o(.ARM.Collect$$libshutdown$$0000000E)
    .ARM.Collect$$libshutdown$$0000000F      0x08000186   Section        2  libshutdown2.o(.ARM.Collect$$libshutdown$$0000000F)
    .ARM.Collect$$rtentry$$00000000          0x08000188   Section        0  __rtentry.o(.ARM.Collect$$rtentry$$00000000)
    .ARM.Collect$$rtentry$$00000002          0x08000188   Section        0  __rtentry2.o(.ARM.Collect$$rtentry$$00000002)
    .ARM.Collect$$rtentry$$00000004          0x08000188   Section        6  __rtentry4.o(.ARM.Collect$$rtentry$$00000004)
    .ARM.Collect$$rtentry$$00000009          0x0800018e   Section        0  __rtentry2.o(.ARM.Collect$$rtentry$$00000009)
    .ARM.Collect$$rtentry$$0000000A          0x0800018e   Section        4  __rtentry2.o(.ARM.Collect$$rtentry$$0000000A)
    .ARM.Collect$$rtentry$$0000000C          0x08000192   Section        0  __rtentry2.o(.ARM.Collect$$rtentry$$0000000C)
    .ARM.Collect$$rtentry$$0000000D          0x08000192   Section        8  __rtentry2.o(.ARM.Collect$$rtentry$$0000000D)
    .ARM.Collect$$rtexit$$00000000           0x0800019a   Section        2  rtexit.o(.ARM.Collect$$rtexit$$00000000)
    .ARM.Collect$$rtexit$$00000002           0x0800019c   Section        0  rtexit2.o(.ARM.Collect$$rtexit$$00000002)
    .ARM.Collect$$rtexit$$00000003           0x0800019c   Section        4  rtexit2.o(.ARM.Collect$$rtexit$$00000003)
    .ARM.Collect$$rtexit$$00000004           0x080001a0   Section        6  rtexit2.o(.ARM.Collect$$rtexit$$00000004)
    .text                                    0x080001a8   Section       64  startup_stm32f10x_md.o(.text)
    .text                                    0x080001e8   Section        0  noretval__2sprintf.o(.text)
    .text                                    0x08000210   Section        0  _printf_dec.o(.text)
    .text                                    0x08000288   Section        0  __printf_wp.o(.text)
    .text                                    0x08000396   Section       68  rt_memclr.o(.text)
    .text                                    0x080003da   Section        0  heapauxi.o(.text)
    .text                                    0x080003e0   Section        0  _printf_intcommon.o(.text)
    .text                                    0x08000492   Section        0  _printf_fp_dec.o(.text)
    _fp_digits                               0x08000495   Thumb Code   428  _printf_fp_dec.o(.text)
    .text                                    0x080008ac   Section        0  _printf_char_common.o(.text)
    _printf_input_char                       0x080008ad   Thumb Code    10  _printf_char_common.o(.text)
    .text                                    0x080008dc   Section        0  _sputc.o(.text)
    .text                                    0x080008e6   Section       78  rt_memclr_w.o(.text)
    .text                                    0x08000934   Section        8  rt_locale_intlibspace.o(.text)
    .text                                    0x0800093c   Section      138  lludiv10.o(.text)
    .text                                    0x080009c8   Section        0  _printf_fp_infnan.o(.text)
    .text                                    0x08000a48   Section        0  bigflt0.o(.text)
    .text                                    0x08000b24   Section        8  libspace.o(.text)
    .text                                    0x08000b2c   Section       74  sys_stackheap_outer.o(.text)
    .text                                    0x08000b76   Section        0  exit.o(.text)
    .text                                    0x08000b84   Section      128  strcmpv7m.o(.text)
    .text                                    0x08000c04   Section        0  sys_exit.o(.text)
    .text                                    0x08000c10   Section        2  use_no_semi.o(.text)
    .text                                    0x08000c12   Section        0  indicate_semi.o(.text)
    CL$$btod_d2e                             0x08000c12   Section       62  btod.o(CL$$btod_d2e)
    CL$$btod_d2e_denorm_low                  0x08000c50   Section       70  btod.o(CL$$btod_d2e_denorm_low)
    CL$$btod_d2e_norm_op1                    0x08000c96   Section       96  btod.o(CL$$btod_d2e_norm_op1)
    CL$$btod_div_common                      0x08000cf6   Section      824  btod.o(CL$$btod_div_common)
    CL$$btod_e2e                             0x0800102e   Section      198  btod.o(CL$$btod_e2e)
    CL$$btod_ediv                            0x080010f4   Section       40  btod.o(CL$$btod_ediv)
    CL$$btod_emul                            0x0800111c   Section       40  btod.o(CL$$btod_emul)
    CL$$btod_mult_common                     0x08001144   Section      580  btod.o(CL$$btod_mult_common)
    i.ADC1_2_IRQHandler                      0x08001388   Section        0  stm32f10x_it.o(i.ADC1_2_IRQHandler)
    i.ADC_Cmd                                0x080013a0   Section        0  stm32f10x_adc.o(i.ADC_Cmd)
    i.ADC_DeInit                             0x080013b8   Section        0  stm32f10x_adc.o(i.ADC_DeInit)
    i.ADC_GetCalibrationStatus               0x08001414   Section        0  stm32f10x_adc.o(i.ADC_GetCalibrationStatus)
    i.ADC_GetConversionValue                 0x08001428   Section        0  stm32f10x_adc.o(i.ADC_GetConversionValue)
    i.ADC_GetResetCalibrationStatus          0x08001430   Section        0  stm32f10x_adc.o(i.ADC_GetResetCalibrationStatus)
    i.ADC_Init                               0x08001444   Section        0  stm32f10x_adc.o(i.ADC_Init)
    i.ADC_ResetCalibration                   0x08001494   Section        0  stm32f10x_adc.o(i.ADC_ResetCalibration)
    i.ADC_StartCalibration                   0x0800149e   Section        0  stm32f10x_adc.o(i.ADC_StartCalibration)
    i.BusFault_Handler                       0x080014a8   Section        0  stm32f10x_it.o(i.BusFault_Handler)
    i.DebugMon_Handler                       0x080014ac   Section        0  stm32f10x_it.o(i.DebugMon_Handler)
    i.Delay_Init                             0x080014b0   Section        0  delay.o(i.Delay_Init)
    i.Delay_ms                               0x080014f8   Section        0  delay.o(i.Delay_ms)
    i.EXTI15_10_IRQHandler                   0x08001544   Section        0  key.o(i.EXTI15_10_IRQHandler)
    i.EXTI_ClearITPendingBit                 0x08001590   Section        0  stm32f10x_exti.o(i.EXTI_ClearITPendingBit)
    i.EXTI_GetITStatus                       0x0800159c   Section        0  stm32f10x_exti.o(i.EXTI_GetITStatus)
    i.EXTI_Init                              0x080015c4   Section        0  stm32f10x_exti.o(i.EXTI_Init)
    i.GPIO_EXTILineConfig                    0x08001658   Section        0  stm32f10x_gpio.o(i.GPIO_EXTILineConfig)
    i.GPIO_Init                              0x08001698   Section        0  stm32f10x_gpio.o(i.GPIO_Init)
    i.GPIO_ReadInputDataBit                  0x080017ae   Section        0  stm32f10x_gpio.o(i.GPIO_ReadInputDataBit)
    i.GPIO_WriteBit                          0x080017c0   Section        0  stm32f10x_gpio.o(i.GPIO_WriteBit)
    i.HardFault_Handler                      0x080017ca   Section        0  stm32f10x_it.o(i.HardFault_Handler)
    i.Infrafred_GPIO_Init                    0x080017d0   Section        0  infrared.o(i.Infrafred_GPIO_Init)
    i.KEY_Init                               0x080017fc   Section        0  key.o(i.KEY_Init)
    i.Load_Motor_PWM                         0x08001864   Section        0  motor.o(i.Load_Motor_PWM)
    i.MemManage_Handler                      0x080018bc   Section        0  stm32f10x_it.o(i.MemManage_Handler)
    i.Motor_GPIO_Init                        0x080018c0   Section        0  motor.o(i.Motor_GPIO_Init)
    i.Motor_Left_DIR                         0x080018ec   Section        0  motor.o(i.Motor_Left_DIR)
    i.Motor_Right_DIR                        0x0800192c   Section        0  motor.o(i.Motor_Right_DIR)
    i.NMI_Handler                            0x0800196c   Section        0  stm32f10x_it.o(i.NMI_Handler)
    i.NVIC_Config                            0x0800196e   Section        0  myconfig.o(i.NVIC_Config)
    i.NVIC_Init                              0x0800197c   Section        0  misc.o(i.NVIC_Init)
    i.NVIC_PriorityGroupConfig               0x080019ec   Section        0  misc.o(i.NVIC_PriorityGroupConfig)
    i.PID_Param_Init                         0x08001a00   Section        0  pid.o(i.PID_Param_Init)
    i.PendSV_Handler                         0x08001a38   Section        0  stm32f10x_it.o(i.PendSV_Handler)
    i.RCC_ADCCLKConfig                       0x08001a3c   Section        0  stm32f10x_rcc.o(i.RCC_ADCCLKConfig)
    i.RCC_APB1PeriphClockCmd                 0x08001a54   Section        0  stm32f10x_rcc.o(i.RCC_APB1PeriphClockCmd)
    i.RCC_APB2PeriphClockCmd                 0x08001a74   Section        0  stm32f10x_rcc.o(i.RCC_APB2PeriphClockCmd)
    i.RCC_APB2PeriphResetCmd                 0x08001a94   Section        0  stm32f10x_rcc.o(i.RCC_APB2PeriphResetCmd)
    i.RCC_GetClocksFreq                      0x08001ab4   Section        0  stm32f10x_rcc.o(i.RCC_GetClocksFreq)
    i.Read_Pulse                             0x08001b88   Section        0  encoder.o(i.Read_Pulse)
    i.SVC_Handler                            0x08001bcc   Section        0  stm32f10x_it.o(i.SVC_Handler)
    i.SetSysClock                            0x08001bce   Section        0  system_stm32f10x.o(i.SetSysClock)
    SetSysClock                              0x08001bcf   Thumb Code     8  system_stm32f10x.o(i.SetSysClock)
    i.SetSysClockTo72                        0x08001bd8   Section        0  system_stm32f10x.o(i.SetSysClockTo72)
    SetSysClockTo72                          0x08001bd9   Thumb Code   214  system_stm32f10x.o(i.SetSysClockTo72)
    i.SysTick_Handler                        0x08001cb8   Section        0  stm32f10x_it.o(i.SysTick_Handler)
    i.SystemInit                             0x08001cbc   Section        0  system_stm32f10x.o(i.SystemInit)
    i.TI1_Config                             0x08001d1c   Section        0  stm32f10x_tim.o(i.TI1_Config)
    TI1_Config                               0x08001d1d   Thumb Code   108  stm32f10x_tim.o(i.TI1_Config)
    i.TI2_Config                             0x08001d9c   Section        0  stm32f10x_tim.o(i.TI2_Config)
    TI2_Config                               0x08001d9d   Thumb Code   130  stm32f10x_tim.o(i.TI2_Config)
    i.TI3_Config                             0x08001e34   Section        0  stm32f10x_tim.o(i.TI3_Config)
    TI3_Config                               0x08001e35   Thumb Code   122  stm32f10x_tim.o(i.TI3_Config)
    i.TI4_Config                             0x08001ec4   Section        0  stm32f10x_tim.o(i.TI4_Config)
    TI4_Config                               0x08001ec5   Thumb Code   130  stm32f10x_tim.o(i.TI4_Config)
    i.TIM1_PWM_Init                          0x08001f5c   Section        0  tim1.o(i.TIM1_PWM_Init)
    i.TIM2_Encoder_Init                      0x0800200c   Section        0  encoder.o(i.TIM2_Encoder_Init)
    i.TIM2_IRQHandler                        0x080020a0   Section        0  encoder.o(i.TIM2_IRQHandler)
    i.TIM3_IRQHandler                        0x080020b8   Section        0  myconfig.o(i.TIM3_IRQHandler)
    i.TIM4_Encoder_Init                      0x08002178   Section        0  encoder.o(i.TIM4_Encoder_Init)
    i.TIM4_IRQHandler                        0x0800220c   Section        0  encoder.o(i.TIM4_IRQHandler)
    i.TIM_ARRPreloadConfig                   0x08002228   Section        0  stm32f10x_tim.o(i.TIM_ARRPreloadConfig)
    i.TIM_CCxCmd                             0x08002240   Section        0  stm32f10x_tim.o(i.TIM_CCxCmd)
    i.TIM_ClearITPendingBit                  0x0800225e   Section        0  stm32f10x_tim.o(i.TIM_ClearITPendingBit)
    i.TIM_Cmd                                0x08002264   Section        0  stm32f10x_tim.o(i.TIM_Cmd)
    i.TIM_CtrlPWMOutputs                     0x0800227c   Section        0  stm32f10x_tim.o(i.TIM_CtrlPWMOutputs)
    i.TIM_EncoderInterfaceConfig             0x0800229a   Section        0  stm32f10x_tim.o(i.TIM_EncoderInterfaceConfig)
    i.TIM_GetCounter                         0x080022dc   Section        0  stm32f10x_tim.o(i.TIM_GetCounter)
    i.TIM_GetITStatus                        0x080022e2   Section        0  stm32f10x_tim.o(i.TIM_GetITStatus)
    i.TIM_ICInit                             0x08002304   Section        0  stm32f10x_tim.o(i.TIM_ICInit)
    i.TIM_ITConfig                           0x080023b0   Section        0  stm32f10x_tim.o(i.TIM_ITConfig)
    i.TIM_OC1Init                            0x080023c4   Section        0  stm32f10x_tim.o(i.TIM_OC1Init)
    i.TIM_OC1PreloadConfig                   0x0800245c   Section        0  stm32f10x_tim.o(i.TIM_OC1PreloadConfig)
    i.TIM_OC4Init                            0x08002470   Section        0  stm32f10x_tim.o(i.TIM_OC4Init)
    i.TIM_OC4PreloadConfig                   0x080024ec   Section        0  stm32f10x_tim.o(i.TIM_OC4PreloadConfig)
    i.TIM_OCStructInit                       0x08002506   Section        0  stm32f10x_tim.o(i.TIM_OCStructInit)
    i.TIM_SetCompare1                        0x0800251a   Section        0  stm32f10x_tim.o(i.TIM_SetCompare1)
    i.TIM_SetCompare4                        0x0800251e   Section        0  stm32f10x_tim.o(i.TIM_SetCompare4)
    i.TIM_SetCounter                         0x08002524   Section        0  stm32f10x_tim.o(i.TIM_SetCounter)
    i.TIM_SetIC1Prescaler                    0x08002528   Section        0  stm32f10x_tim.o(i.TIM_SetIC1Prescaler)
    i.TIM_SetIC2Prescaler                    0x0800253a   Section        0  stm32f10x_tim.o(i.TIM_SetIC2Prescaler)
    i.TIM_SetIC3Prescaler                    0x08002554   Section        0  stm32f10x_tim.o(i.TIM_SetIC3Prescaler)
    i.TIM_SetIC4Prescaler                    0x08002566   Section        0  stm32f10x_tim.o(i.TIM_SetIC4Prescaler)
    i.TIM_TimeBaseInit                       0x08002580   Section        0  stm32f10x_tim.o(i.TIM_TimeBaseInit)
    i.TIM_TimeBaseStructInit                 0x08002624   Section        0  stm32f10x_tim.o(i.TIM_TimeBaseStructInit)
    i.Tim3_Init                              0x08002638   Section        0  tim3.o(i.Tim3_Init)
    i.USART_Cmd                              0x080026b4   Section        0  stm32f10x_usart.o(i.USART_Cmd)
    i.USART_GetFlagStatus                    0x080026cc   Section        0  stm32f10x_usart.o(i.USART_GetFlagStatus)
    i.USART_ITConfig                         0x080026e6   Section        0  stm32f10x_usart.o(i.USART_ITConfig)
    i.USART_Init                             0x08002730   Section        0  stm32f10x_usart.o(i.USART_Init)
    i.USART_SendData                         0x08002808   Section        0  stm32f10x_usart.o(i.USART_SendData)
    i.UsageFault_Handler                     0x08002810   Section        0  stm32f10x_it.o(i.UsageFault_Handler)
    i.VelocityRing_Out                       0x08002814   Section        0  myconfig.o(i.VelocityRing_Out)
    i.VelocityRing_PID_Realize               0x08002858   Section        0  pid.o(i.VelocityRing_PID_Realize)
    i.Velocity_Test_Start                    0x08002918   Section        0  myconfig.o(i.Velocity_Test_Start)
    i.Velocity_Test_Stop                     0x08002948   Section        0  myconfig.o(i.Velocity_Test_Stop)
    i.__ARM_fpclassify                       0x0800295c   Section        0  fpclassify.o(i.__ARM_fpclassify)
    i._is_digit                              0x08002984   Section        0  __printf_wp.o(i._is_digit)
    i.adc_init                               0x08002994   Section        0  adc.o(i.adc_init)
    i.gpio_init                              0x08002a20   Section        0  gpio.o(i.gpio_init)
    i.main                                   0x08002a88   Section        0  main.o(i.main)
    i.set_motor_disable                      0x08002be8   Section        0  motor.o(i.set_motor_disable)
    i.set_motor_enable                       0x08002c24   Section        0  motor.o(i.set_motor_enable)
    i.uart1_send_char                        0x08002c4c   Section        0  usart.o(i.uart1_send_char)
    i.uart1_send_string                      0x08002c6c   Section        0  usart.o(i.uart1_send_string)
    i.uart_init                              0x08002c84   Section        0  usart.o(i.uart_init)
    locale$$code                             0x08002d24   Section       44  lc_numeric_c.o(locale$$code)
    x$fpl$dretinf                            0x08002d50   Section       12  dretinf.o(x$fpl$dretinf)
    x$fpl$f2d                                0x08002d5c   Section       86  f2d.o(x$fpl$f2d)
    x$fpl$fadd                               0x08002db4   Section      196  faddsub_clz.o(x$fpl$fadd)
    _fadd1                                   0x08002dc3   Thumb Code     0  faddsub_clz.o(x$fpl$fadd)
    x$fpl$fcmpinf                            0x08002e78   Section       24  fcmpi.o(x$fpl$fcmpinf)
    x$fpl$fdiv                               0x08002e90   Section      388  fdiv.o(x$fpl$fdiv)
    _fdiv1                                   0x08002e91   Thumb Code     0  fdiv.o(x$fpl$fdiv)
    x$fpl$ffix                               0x08003014   Section       54  ffix.o(x$fpl$ffix)
    x$fpl$fflt                               0x0800304c   Section       48  fflt_clz.o(x$fpl$fflt)
    x$fpl$fleqf                              0x0800307c   Section      104  fleqf.o(x$fpl$fleqf)
    x$fpl$fmul                               0x080030e4   Section      258  fmul.o(x$fpl$fmul)
    x$fpl$fnaninf                            0x080031e6   Section      140  fnaninf.o(x$fpl$fnaninf)
    x$fpl$fretinf                            0x08003272   Section       10  fretinf.o(x$fpl$fretinf)
    x$fpl$frleqf                             0x0800327c   Section       98  frleqf.o(x$fpl$frleqf)
    x$fpl$frsb                               0x080032de   Section       20  faddsub_clz.o(x$fpl$frsb)
    x$fpl$fsub                               0x080032f4   Section      234  faddsub_clz.o(x$fpl$fsub)
    _fsub1                                   0x08003303   Thumb Code     0  faddsub_clz.o(x$fpl$fsub)
    x$fpl$printf1                            0x080033de   Section        4  printf1.o(x$fpl$printf1)
    x$fpl$usenofp                            0x080033e2   Section        0  usenofp.o(x$fpl$usenofp)
    .constdata                               0x080033e4   Section      148  bigflt0.o(.constdata)
    tenpwrs_x                                0x080033e4   Data          60  bigflt0.o(.constdata)
    tenpwrs_i                                0x08003420   Data          64  bigflt0.o(.constdata)
    locale$$data                             0x08003498   Section       28  lc_numeric_c.o(locale$$data)
    __lcnum_c_name                           0x0800349c   Data           2  lc_numeric_c.o(locale$$data)
    __lcnum_c_start                          0x080034a4   Data           0  lc_numeric_c.o(locale$$data)
    __lcnum_c_point                          0x080034b0   Data           0  lc_numeric_c.o(locale$$data)
    __lcnum_c_thousands                      0x080034b2   Data           0  lc_numeric_c.o(locale$$data)
    __lcnum_c_grouping                       0x080034b3   Data           0  lc_numeric_c.o(locale$$data)
    __lcnum_c_end                            0x080034b4   Data           0  lc_numeric_c.o(locale$$data)
    .data                                    0x20000000   Section        2  main.o(.data)
    .data                                    0x20000002   Section        2  stm32f10x_it.o(.data)
    .data                                    0x20000004   Section        4  delay.o(.data)
    .data                                    0x20000008   Section       20  myconfig.o(.data)
    .data                                    0x2000001c   Section       20  stm32f10x_rcc.o(.data)
    APBAHBPrescTable                         0x2000001c   Data          16  stm32f10x_rcc.o(.data)
    ADCPrescTable                            0x2000002c   Data           4  stm32f10x_rcc.o(.data)
    .data                                    0x20000030   Section       20  system_stm32f10x.o(.data)
    .bss                                     0x20000044   Section      256  main.o(.bss)
    .bss                                     0x20000144   Section       72  pid.o(.bss)
    .bss                                     0x2000018c   Section       24  myconfig.o(.bss)
    .bss                                     0x200001a4   Section       96  libspace.o(.bss)
    HEAP                                     0x20000208   Section      512  startup_stm32f10x_md.o(HEAP)
    Heap_Mem                                 0x20000208   Data         512  startup_stm32f10x_md.o(HEAP)
    STACK                                    0x20000408   Section     1024  startup_stm32f10x_md.o(STACK)
    Stack_Mem                                0x20000408   Data        1024  startup_stm32f10x_md.o(STACK)
    __initial_sp                             0x20000808   Data           0  startup_stm32f10x_md.o(STACK)

    Global Symbols

    Symbol Name                              Value     Ov Type        Size  Object(Section)

    BuildAttributes$$THM_ISAv4$P$D$K$B$S$PE$A:L22UL41UL21$X:L11$S22US41US21$IEEE1$IW$USESV6$~STKCKD$USESV7$~SHL$OTIME$ROPI$IEEEJ$EBA8$UX$STANDARDLIB$REQ8$PRES8$EABIv2 0x00000000   Number         0  anon$$obj.o ABSOLUTE
    __ARM_use_no_argv                        0x00000000   Number         0  main.o ABSOLUTE
    _printf_flags                            0x00000000   Number         0  printf_stubs.o ABSOLUTE
    _printf_return_value                     0x00000000   Number         0  printf_stubs.o ABSOLUTE
    _printf_sizespec                         0x00000000   Number         0  printf_stubs.o ABSOLUTE
    _printf_widthprec                        0x00000000   Number         0  printf_stubs.o ABSOLUTE
    __ARM_exceptions_init                     - Undefined Weak Reference
    __alloca_initialize                       - Undefined Weak Reference
    __arm_preinit_                            - Undefined Weak Reference
    __cpp_initialize__aeabi_                  - Undefined Weak Reference
    __cxa_finalize                            - Undefined Weak Reference
    __sigvec_lookup                           - Undefined Weak Reference
    _atexit_init                              - Undefined Weak Reference
    _call_atexit_fns                          - Undefined Weak Reference
    _clock_init                               - Undefined Weak Reference
    _fp_trap_init                             - Undefined Weak Reference
    _fp_trap_shutdown                         - Undefined Weak Reference
    _get_lc_collate                           - Undefined Weak Reference
    _get_lc_ctype                             - Undefined Weak Reference
    _get_lc_monetary                          - Undefined Weak Reference
    _get_lc_time                              - Undefined Weak Reference
    _getenv_init                              - Undefined Weak Reference
    _handle_redirection                       - Undefined Weak Reference
    _init_alloc                               - Undefined Weak Reference
    _init_user_alloc                          - Undefined Weak Reference
    _initio                                   - Undefined Weak Reference
    _printf_post_padding                      - Undefined Weak Reference
    _printf_pre_padding                       - Undefined Weak Reference
    _printf_truncate_signed                   - Undefined Weak Reference
    _printf_truncate_unsigned                 - Undefined Weak Reference
    _rand_init                                - Undefined Weak Reference
    _signal_finish                            - Undefined Weak Reference
    _signal_init                              - Undefined Weak Reference
    _terminate_alloc                          - Undefined Weak Reference
    _terminate_user_alloc                     - Undefined Weak Reference
    _terminateio                              - Undefined Weak Reference
    __Vectors_Size                           0x000000ec   Number         0  startup_stm32f10x_md.o ABSOLUTE
    __Vectors                                0x08000000   Data           4  startup_stm32f10x_md.o(RESET)
    __Vectors_End                            0x080000ec   Data           0  startup_stm32f10x_md.o(RESET)
    __main                                   0x080000ed   Thumb Code     8  __main.o(!!!main)
    __scatterload                            0x080000f5   Thumb Code     0  __scatter.o(!!!scatter)
    __scatterload_rt2                        0x080000f5   Thumb Code    44  __scatter.o(!!!scatter)
    __scatterload_rt2_thumb_only             0x080000f5   Thumb Code     0  __scatter.o(!!!scatter)
    __scatterload_null                       0x08000103   Thumb Code     0  __scatter.o(!!!scatter)
    __scatterload_copy                       0x08000129   Thumb Code    26  __scatter_copy.o(!!handler_copy)
    __scatterload_zeroinit                   0x08000145   Thumb Code    28  __scatter_zi.o(!!handler_zi)
    _printf_f                                0x08000161   Thumb Code     0  _printf_f.o(.ARM.Collect$$_printf_percent$$00000003)
    _printf_percent                          0x08000161   Thumb Code     0  _printf_percent.o(.ARM.Collect$$_printf_percent$$00000000)
    _printf_d                                0x08000167   Thumb Code     0  _printf_d.o(.ARM.Collect$$_printf_percent$$00000009)
    _printf_percent_end                      0x0800016d   Thumb Code     0  _printf_percent_end.o(.ARM.Collect$$_printf_percent$$00000017)
    __rt_lib_init                            0x08000171   Thumb Code     0  libinit.o(.ARM.Collect$$libinit$$00000000)
    __rt_lib_init_fp_1                       0x08000173   Thumb Code     0  libinit2.o(.ARM.Collect$$libinit$$00000002)
    __rt_lib_init_heap_1                     0x08000173   Thumb Code     0  libinit2.o(.ARM.Collect$$libinit$$0000000A)
    __rt_lib_init_lc_common                  0x08000173   Thumb Code     0  libinit2.o(.ARM.Collect$$libinit$$0000000F)
    __rt_lib_init_preinit_1                  0x08000173   Thumb Code     0  libinit2.o(.ARM.Collect$$libinit$$00000004)
    __rt_lib_init_rand_1                     0x08000173   Thumb Code     0  libinit2.o(.ARM.Collect$$libinit$$0000000E)
    __rt_lib_init_user_alloc_1               0x08000173   Thumb Code     0  libinit2.o(.ARM.Collect$$libinit$$0000000C)
    __rt_lib_init_lc_collate_1               0x08000179   Thumb Code     0  libinit2.o(.ARM.Collect$$libinit$$00000011)
    __rt_lib_init_lc_ctype_1                 0x08000179   Thumb Code     0  libinit2.o(.ARM.Collect$$libinit$$00000013)
    __rt_lib_init_lc_monetary_1              0x08000179   Thumb Code     0  libinit2.o(.ARM.Collect$$libinit$$00000015)
    __rt_lib_init_lc_numeric_2               0x08000179   Thumb Code     0  libinit2.o(.ARM.Collect$$libinit$$00000016)
    __rt_lib_init_alloca_1                   0x08000183   Thumb Code     0  libinit2.o(.ARM.Collect$$libinit$$0000002E)
    __rt_lib_init_argv_1                     0x08000183   Thumb Code     0  libinit2.o(.ARM.Collect$$libinit$$0000002C)
    __rt_lib_init_atexit_1                   0x08000183   Thumb Code     0  libinit2.o(.ARM.Collect$$libinit$$0000001B)
    __rt_lib_init_clock_1                    0x08000183   Thumb Code     0  libinit2.o(.ARM.Collect$$libinit$$00000021)
    __rt_lib_init_cpp_1                      0x08000183   Thumb Code     0  libinit2.o(.ARM.Collect$$libinit$$00000032)
    __rt_lib_init_exceptions_1               0x08000183   Thumb Code     0  libinit2.o(.ARM.Collect$$libinit$$00000030)
    __rt_lib_init_fp_trap_1                  0x08000183   Thumb Code     0  libinit2.o(.ARM.Collect$$libinit$$0000001F)
    __rt_lib_init_getenv_1                   0x08000183   Thumb Code     0  libinit2.o(.ARM.Collect$$libinit$$00000023)
    __rt_lib_init_lc_numeric_1               0x08000183   Thumb Code     0  libinit2.o(.ARM.Collect$$libinit$$00000017)
    __rt_lib_init_lc_time_1                  0x08000183   Thumb Code     0  libinit2.o(.ARM.Collect$$libinit$$00000019)
    __rt_lib_init_return                     0x08000183   Thumb Code     0  libinit2.o(.ARM.Collect$$libinit$$00000033)
    __rt_lib_init_signal_1                   0x08000183   Thumb Code     0  libinit2.o(.ARM.Collect$$libinit$$0000001D)
    __rt_lib_init_stdio_1                    0x08000183   Thumb Code     0  libinit2.o(.ARM.Collect$$libinit$$00000025)
    __rt_lib_shutdown                        0x08000185   Thumb Code     0  libshutdown.o(.ARM.Collect$$libshutdown$$00000000)
    __rt_lib_shutdown_fp_trap_1              0x08000187   Thumb Code     0  libshutdown2.o(.ARM.Collect$$libshutdown$$00000006)
    __rt_lib_shutdown_heap_1                 0x08000187   Thumb Code     0  libshutdown2.o(.ARM.Collect$$libshutdown$$0000000E)
    __rt_lib_shutdown_return                 0x08000187   Thumb Code     0  libshutdown2.o(.ARM.Collect$$libshutdown$$0000000F)
    __rt_lib_shutdown_signal_1               0x08000187   Thumb Code     0  libshutdown2.o(.ARM.Collect$$libshutdown$$00000009)
    __rt_lib_shutdown_stdio_1                0x08000187   Thumb Code     0  libshutdown2.o(.ARM.Collect$$libshutdown$$00000003)
    __rt_lib_shutdown_user_alloc_1           0x08000187   Thumb Code     0  libshutdown2.o(.ARM.Collect$$libshutdown$$0000000B)
    __rt_entry                               0x08000189   Thumb Code     0  __rtentry.o(.ARM.Collect$$rtentry$$00000000)
    __rt_entry_presh_1                       0x08000189   Thumb Code     0  __rtentry2.o(.ARM.Collect$$rtentry$$00000002)
    __rt_entry_sh                            0x08000189   Thumb Code     0  __rtentry4.o(.ARM.Collect$$rtentry$$00000004)
    __rt_entry_li                            0x0800018f   Thumb Code     0  __rtentry2.o(.ARM.Collect$$rtentry$$0000000A)
    __rt_entry_postsh_1                      0x0800018f   Thumb Code     0  __rtentry2.o(.ARM.Collect$$rtentry$$00000009)
    __rt_entry_main                          0x08000193   Thumb Code     0  __rtentry2.o(.ARM.Collect$$rtentry$$0000000D)
    __rt_entry_postli_1                      0x08000193   Thumb Code     0  __rtentry2.o(.ARM.Collect$$rtentry$$0000000C)
    __rt_exit                                0x0800019b   Thumb Code     0  rtexit.o(.ARM.Collect$$rtexit$$00000000)
    __rt_exit_ls                             0x0800019d   Thumb Code     0  rtexit2.o(.ARM.Collect$$rtexit$$00000003)
    __rt_exit_prels_1                        0x0800019d   Thumb Code     0  rtexit2.o(.ARM.Collect$$rtexit$$00000002)
    __rt_exit_exit                           0x080001a1   Thumb Code     0  rtexit2.o(.ARM.Collect$$rtexit$$00000004)
    Reset_Handler                            0x080001a9   Thumb Code     8  startup_stm32f10x_md.o(.text)
    CAN1_RX1_IRQHandler                      0x080001c3   Thumb Code     0  startup_stm32f10x_md.o(.text)
    CAN1_SCE_IRQHandler                      0x080001c3   Thumb Code     0  startup_stm32f10x_md.o(.text)
    DMA1_Channel1_IRQHandler                 0x080001c3   Thumb Code     0  startup_stm32f10x_md.o(.text)
    DMA1_Channel2_IRQHandler                 0x080001c3   Thumb Code     0  startup_stm32f10x_md.o(.text)
    DMA1_Channel3_IRQHandler                 0x080001c3   Thumb Code     0  startup_stm32f10x_md.o(.text)
    DMA1_Channel4_IRQHandler                 0x080001c3   Thumb Code     0  startup_stm32f10x_md.o(.text)
    DMA1_Channel5_IRQHandler                 0x080001c3   Thumb Code     0  startup_stm32f10x_md.o(.text)
    DMA1_Channel6_IRQHandler                 0x080001c3   Thumb Code     0  startup_stm32f10x_md.o(.text)
    DMA1_Channel7_IRQHandler                 0x080001c3   Thumb Code     0  startup_stm32f10x_md.o(.text)
    EXTI0_IRQHandler                         0x080001c3   Thumb Code     0  startup_stm32f10x_md.o(.text)
    EXTI1_IRQHandler                         0x080001c3   Thumb Code     0  startup_stm32f10x_md.o(.text)
    EXTI2_IRQHandler                         0x080001c3   Thumb Code     0  startup_stm32f10x_md.o(.text)
    EXTI3_IRQHandler                         0x080001c3   Thumb Code     0  startup_stm32f10x_md.o(.text)
    EXTI4_IRQHandler                         0x080001c3   Thumb Code     0  startup_stm32f10x_md.o(.text)
    EXTI9_5_IRQHandler                       0x080001c3   Thumb Code     0  startup_stm32f10x_md.o(.text)
    FLASH_IRQHandler                         0x080001c3   Thumb Code     0  startup_stm32f10x_md.o(.text)
    I2C1_ER_IRQHandler                       0x080001c3   Thumb Code     0  startup_stm32f10x_md.o(.text)
    I2C1_EV_IRQHandler                       0x080001c3   Thumb Code     0  startup_stm32f10x_md.o(.text)
    I2C2_ER_IRQHandler                       0x080001c3   Thumb Code     0  startup_stm32f10x_md.o(.text)
    I2C2_EV_IRQHandler                       0x080001c3   Thumb Code     0  startup_stm32f10x_md.o(.text)
    PVD_IRQHandler                           0x080001c3   Thumb Code     0  startup_stm32f10x_md.o(.text)
    RCC_IRQHandler                           0x080001c3   Thumb Code     0  startup_stm32f10x_md.o(.text)
    RTCAlarm_IRQHandler                      0x080001c3   Thumb Code     0  startup_stm32f10x_md.o(.text)
    RTC_IRQHandler                           0x080001c3   Thumb Code     0  startup_stm32f10x_md.o(.text)
    SPI1_IRQHandler                          0x080001c3   Thumb Code     0  startup_stm32f10x_md.o(.text)
    SPI2_IRQHandler                          0x080001c3   Thumb Code     0  startup_stm32f10x_md.o(.text)
    TAMPER_IRQHandler                        0x080001c3   Thumb Code     0  startup_stm32f10x_md.o(.text)
    TIM1_BRK_IRQHandler                      0x080001c3   Thumb Code     0  startup_stm32f10x_md.o(.text)
    TIM1_CC_IRQHandler                       0x080001c3   Thumb Code     0  startup_stm32f10x_md.o(.text)
    TIM1_TRG_COM_IRQHandler                  0x080001c3   Thumb Code     0  startup_stm32f10x_md.o(.text)
    TIM1_UP_IRQHandler                       0x080001c3   Thumb Code     0  startup_stm32f10x_md.o(.text)
    USART1_IRQHandler                        0x080001c3   Thumb Code     0  startup_stm32f10x_md.o(.text)
    USART2_IRQHandler                        0x080001c3   Thumb Code     0  startup_stm32f10x_md.o(.text)
    USART3_IRQHandler                        0x080001c3   Thumb Code     0  startup_stm32f10x_md.o(.text)
    USBWakeUp_IRQHandler                     0x080001c3   Thumb Code     0  startup_stm32f10x_md.o(.text)
    USB_HP_CAN1_TX_IRQHandler                0x080001c3   Thumb Code     0  startup_stm32f10x_md.o(.text)
    USB_LP_CAN1_RX0_IRQHandler               0x080001c3   Thumb Code     0  startup_stm32f10x_md.o(.text)
    WWDG_IRQHandler                          0x080001c3   Thumb Code     0  startup_stm32f10x_md.o(.text)
    __user_initial_stackheap                 0x080001c5   Thumb Code     0  startup_stm32f10x_md.o(.text)
    __2sprintf                               0x080001e9   Thumb Code    34  noretval__2sprintf.o(.text)
    _printf_int_dec                          0x08000211   Thumb Code   104  _printf_dec.o(.text)
    __printf                                 0x08000289   Thumb Code   270  __printf_wp.o(.text)
    __aeabi_memclr                           0x08000397   Thumb Code     0  rt_memclr.o(.text)
    __rt_memclr                              0x08000397   Thumb Code    68  rt_memclr.o(.text)
    _memset                                  0x0800039b   Thumb Code     0  rt_memclr.o(.text)
    __use_two_region_memory                  0x080003db   Thumb Code     2  heapauxi.o(.text)
    __rt_heap_escrow$2region                 0x080003dd   Thumb Code     2  heapauxi.o(.text)
    __rt_heap_expand$2region                 0x080003df   Thumb Code     2  heapauxi.o(.text)
    _printf_int_common                       0x080003e1   Thumb Code   178  _printf_intcommon.o(.text)
    __lib_sel_fp_printf                      0x08000493   Thumb Code     2  _printf_fp_dec.o(.text)
    _printf_fp_dec_real                      0x08000641   Thumb Code   620  _printf_fp_dec.o(.text)
    _printf_char_common                      0x080008b7   Thumb Code    32  _printf_char_common.o(.text)
    _sputc                                   0x080008dd   Thumb Code    10  _sputc.o(.text)
    __aeabi_memclr4                          0x080008e7   Thumb Code     0  rt_memclr_w.o(.text)
    __aeabi_memclr8                          0x080008e7   Thumb Code     0  rt_memclr_w.o(.text)
    __rt_memclr_w                            0x080008e7   Thumb Code    78  rt_memclr_w.o(.text)
    _memset_w                                0x080008eb   Thumb Code     0  rt_memclr_w.o(.text)
    __rt_locale                              0x08000935   Thumb Code     8  rt_locale_intlibspace.o(.text)
    _ll_udiv10                               0x0800093d   Thumb Code   138  lludiv10.o(.text)
    _printf_fp_infnan                        0x080009c9   Thumb Code   112  _printf_fp_infnan.o(.text)
    _btod_etento                             0x08000a49   Thumb Code   216  bigflt0.o(.text)
    __user_libspace                          0x08000b25   Thumb Code     8  libspace.o(.text)
    __user_perproc_libspace                  0x08000b25   Thumb Code     0  libspace.o(.text)
    __user_perthread_libspace                0x08000b25   Thumb Code     0  libspace.o(.text)
    __user_setup_stackheap                   0x08000b2d   Thumb Code    74  sys_stackheap_outer.o(.text)
    exit                                     0x08000b77   Thumb Code    12  exit.o(.text)
    strcmp                                   0x08000b85   Thumb Code   128  strcmpv7m.o(.text)
    _sys_exit                                0x08000c05   Thumb Code     8  sys_exit.o(.text)
    __I$use$semihosting                      0x08000c11   Thumb Code     0  use_no_semi.o(.text)
    __use_no_semihosting_swi                 0x08000c11   Thumb Code     2  use_no_semi.o(.text)
    __semihosting_library_function           0x08000c13   Thumb Code     0  indicate_semi.o(.text)
    _btod_d2e                                0x08000c13   Thumb Code    62  btod.o(CL$$btod_d2e)
    _d2e_denorm_low                          0x08000c51   Thumb Code    70  btod.o(CL$$btod_d2e_denorm_low)
    _d2e_norm_op1                            0x08000c97   Thumb Code    96  btod.o(CL$$btod_d2e_norm_op1)
    __btod_div_common                        0x08000cf7   Thumb Code   696  btod.o(CL$$btod_div_common)
    _e2e                                     0x0800102f   Thumb Code   198  btod.o(CL$$btod_e2e)
    _btod_ediv                               0x080010f5   Thumb Code    40  btod.o(CL$$btod_ediv)
    _btod_emul                               0x0800111d   Thumb Code    40  btod.o(CL$$btod_emul)
    __btod_mult_common                       0x08001145   Thumb Code   580  btod.o(CL$$btod_mult_common)
    ADC1_2_IRQHandler                        0x08001389   Thumb Code    14  stm32f10x_it.o(i.ADC1_2_IRQHandler)
    ADC_Cmd                                  0x080013a1   Thumb Code    22  stm32f10x_adc.o(i.ADC_Cmd)
    ADC_DeInit                               0x080013b9   Thumb Code    78  stm32f10x_adc.o(i.ADC_DeInit)
    ADC_GetCalibrationStatus                 0x08001415   Thumb Code    20  stm32f10x_adc.o(i.ADC_GetCalibrationStatus)
    ADC_GetConversionValue                   0x08001429   Thumb Code     8  stm32f10x_adc.o(i.ADC_GetConversionValue)
    ADC_GetResetCalibrationStatus            0x08001431   Thumb Code    20  stm32f10x_adc.o(i.ADC_GetResetCalibrationStatus)
    ADC_Init                                 0x08001445   Thumb Code    70  stm32f10x_adc.o(i.ADC_Init)
    ADC_ResetCalibration                     0x08001495   Thumb Code    10  stm32f10x_adc.o(i.ADC_ResetCalibration)
    ADC_StartCalibration                     0x0800149f   Thumb Code    10  stm32f10x_adc.o(i.ADC_StartCalibration)
    BusFault_Handler                         0x080014a9   Thumb Code     4  stm32f10x_it.o(i.BusFault_Handler)
    DebugMon_Handler                         0x080014ad   Thumb Code     2  stm32f10x_it.o(i.DebugMon_Handler)
    Delay_Init                               0x080014b1   Thumb Code    56  delay.o(i.Delay_Init)
    Delay_ms                                 0x080014f9   Thumb Code    72  delay.o(i.Delay_ms)
    EXTI15_10_IRQHandler                     0x08001545   Thumb Code    62  key.o(i.EXTI15_10_IRQHandler)
    EXTI_ClearITPendingBit                   0x08001591   Thumb Code     6  stm32f10x_exti.o(i.EXTI_ClearITPendingBit)
    EXTI_GetITStatus                         0x0800159d   Thumb Code    34  stm32f10x_exti.o(i.EXTI_GetITStatus)
    EXTI_Init                                0x080015c5   Thumb Code   142  stm32f10x_exti.o(i.EXTI_Init)
    GPIO_EXTILineConfig                      0x08001659   Thumb Code    60  stm32f10x_gpio.o(i.GPIO_EXTILineConfig)
    GPIO_Init                                0x08001699   Thumb Code   278  stm32f10x_gpio.o(i.GPIO_Init)
    GPIO_ReadInputDataBit                    0x080017af   Thumb Code    18  stm32f10x_gpio.o(i.GPIO_ReadInputDataBit)
    GPIO_WriteBit                            0x080017c1   Thumb Code    10  stm32f10x_gpio.o(i.GPIO_WriteBit)
    HardFault_Handler                        0x080017cb   Thumb Code     4  stm32f10x_it.o(i.HardFault_Handler)
    Infrafred_GPIO_Init                      0x080017d1   Thumb Code    40  infrared.o(i.Infrafred_GPIO_Init)
    KEY_Init                                 0x080017fd   Thumb Code    98  key.o(i.KEY_Init)
    Load_Motor_PWM                           0x08001865   Thumb Code    84  motor.o(i.Load_Motor_PWM)
    MemManage_Handler                        0x080018bd   Thumb Code     4  stm32f10x_it.o(i.MemManage_Handler)
    Motor_GPIO_Init                          0x080018c1   Thumb Code    40  motor.o(i.Motor_GPIO_Init)
    Motor_Left_DIR                           0x080018ed   Thumb Code    56  motor.o(i.Motor_Left_DIR)
    Motor_Right_DIR                          0x0800192d   Thumb Code    56  motor.o(i.Motor_Right_DIR)
    NMI_Handler                              0x0800196d   Thumb Code     2  stm32f10x_it.o(i.NMI_Handler)
    NVIC_Config                              0x0800196f   Thumb Code    12  myconfig.o(i.NVIC_Config)
    NVIC_Init                                0x0800197d   Thumb Code   100  misc.o(i.NVIC_Init)
    NVIC_PriorityGroupConfig                 0x080019ed   Thumb Code    10  misc.o(i.NVIC_PriorityGroupConfig)
    PID_Param_Init                           0x08001a01   Thumb Code    46  pid.o(i.PID_Param_Init)
    PendSV_Handler                           0x08001a39   Thumb Code     2  stm32f10x_it.o(i.PendSV_Handler)
    RCC_ADCCLKConfig                         0x08001a3d   Thumb Code    18  stm32f10x_rcc.o(i.RCC_ADCCLKConfig)
    RCC_APB1PeriphClockCmd                   0x08001a55   Thumb Code    26  stm32f10x_rcc.o(i.RCC_APB1PeriphClockCmd)
    RCC_APB2PeriphClockCmd                   0x08001a75   Thumb Code    26  stm32f10x_rcc.o(i.RCC_APB2PeriphClockCmd)
    RCC_APB2PeriphResetCmd                   0x08001a95   Thumb Code    26  stm32f10x_rcc.o(i.RCC_APB2PeriphResetCmd)
    RCC_GetClocksFreq                        0x08001ab5   Thumb Code   192  stm32f10x_rcc.o(i.RCC_GetClocksFreq)
    Read_Pulse                               0x08001b89   Thumb Code    62  encoder.o(i.Read_Pulse)
    SVC_Handler                              0x08001bcd   Thumb Code     2  stm32f10x_it.o(i.SVC_Handler)
    SysTick_Handler                          0x08001cb9   Thumb Code     2  stm32f10x_it.o(i.SysTick_Handler)
    SystemInit                               0x08001cbd   Thumb Code    78  system_stm32f10x.o(i.SystemInit)
    TIM1_PWM_Init                            0x08001f5d   Thumb Code   166  tim1.o(i.TIM1_PWM_Init)
    TIM2_Encoder_Init                        0x0800200d   Thumb Code   144  encoder.o(i.TIM2_Encoder_Init)
    TIM2_IRQHandler                          0x080020a1   Thumb Code    24  encoder.o(i.TIM2_IRQHandler)
    TIM3_IRQHandler                          0x080020b9   Thumb Code   150  myconfig.o(i.TIM3_IRQHandler)
    TIM4_Encoder_Init                        0x08002179   Thumb Code   138  encoder.o(i.TIM4_Encoder_Init)
    TIM4_IRQHandler                          0x0800220d   Thumb Code    24  encoder.o(i.TIM4_IRQHandler)
    TIM_ARRPreloadConfig                     0x08002229   Thumb Code    24  stm32f10x_tim.o(i.TIM_ARRPreloadConfig)
    TIM_CCxCmd                               0x08002241   Thumb Code    30  stm32f10x_tim.o(i.TIM_CCxCmd)
    TIM_ClearITPendingBit                    0x0800225f   Thumb Code     6  stm32f10x_tim.o(i.TIM_ClearITPendingBit)
    TIM_Cmd                                  0x08002265   Thumb Code    24  stm32f10x_tim.o(i.TIM_Cmd)
    TIM_CtrlPWMOutputs                       0x0800227d   Thumb Code    30  stm32f10x_tim.o(i.TIM_CtrlPWMOutputs)
    TIM_EncoderInterfaceConfig               0x0800229b   Thumb Code    66  stm32f10x_tim.o(i.TIM_EncoderInterfaceConfig)
    TIM_GetCounter                           0x080022dd   Thumb Code     6  stm32f10x_tim.o(i.TIM_GetCounter)
    TIM_GetITStatus                          0x080022e3   Thumb Code    34  stm32f10x_tim.o(i.TIM_GetITStatus)
    TIM_ICInit                               0x08002305   Thumb Code   150  stm32f10x_tim.o(i.TIM_ICInit)
    TIM_ITConfig                             0x080023b1   Thumb Code    18  stm32f10x_tim.o(i.TIM_ITConfig)
    TIM_OC1Init                              0x080023c5   Thumb Code   132  stm32f10x_tim.o(i.TIM_OC1Init)
    TIM_OC1PreloadConfig                     0x0800245d   Thumb Code    18  stm32f10x_tim.o(i.TIM_OC1PreloadConfig)
    TIM_OC4Init                              0x08002471   Thumb Code   114  stm32f10x_tim.o(i.TIM_OC4Init)
    TIM_OC4PreloadConfig                     0x080024ed   Thumb Code    26  stm32f10x_tim.o(i.TIM_OC4PreloadConfig)
    TIM_OCStructInit                         0x08002507   Thumb Code    20  stm32f10x_tim.o(i.TIM_OCStructInit)
    TIM_SetCompare1                          0x0800251b   Thumb Code     4  stm32f10x_tim.o(i.TIM_SetCompare1)
    TIM_SetCompare4                          0x0800251f   Thumb Code     6  stm32f10x_tim.o(i.TIM_SetCompare4)
    TIM_SetCounter                           0x08002525   Thumb Code     4  stm32f10x_tim.o(i.TIM_SetCounter)
    TIM_SetIC1Prescaler                      0x08002529   Thumb Code    18  stm32f10x_tim.o(i.TIM_SetIC1Prescaler)
    TIM_SetIC2Prescaler                      0x0800253b   Thumb Code    26  stm32f10x_tim.o(i.TIM_SetIC2Prescaler)
    TIM_SetIC3Prescaler                      0x08002555   Thumb Code    18  stm32f10x_tim.o(i.TIM_SetIC3Prescaler)
    TIM_SetIC4Prescaler                      0x08002567   Thumb Code    26  stm32f10x_tim.o(i.TIM_SetIC4Prescaler)
    TIM_TimeBaseInit                         0x08002581   Thumb Code   122  stm32f10x_tim.o(i.TIM_TimeBaseInit)
    TIM_TimeBaseStructInit                   0x08002625   Thumb Code    18  stm32f10x_tim.o(i.TIM_TimeBaseStructInit)
    Tim3_Init                                0x08002639   Thumb Code   120  tim3.o(i.Tim3_Init)
    USART_Cmd                                0x080026b5   Thumb Code    24  stm32f10x_usart.o(i.USART_Cmd)
    USART_GetFlagStatus                      0x080026cd   Thumb Code    26  stm32f10x_usart.o(i.USART_GetFlagStatus)
    USART_ITConfig                           0x080026e7   Thumb Code    74  stm32f10x_usart.o(i.USART_ITConfig)
    USART_Init                               0x08002731   Thumb Code   210  stm32f10x_usart.o(i.USART_Init)
    USART_SendData                           0x08002809   Thumb Code     8  stm32f10x_usart.o(i.USART_SendData)
    UsageFault_Handler                       0x08002811   Thumb Code     4  stm32f10x_it.o(i.UsageFault_Handler)
    VelocityRing_Out                         0x08002815   Thumb Code    50  myconfig.o(i.VelocityRing_Out)
    VelocityRing_PID_Realize                 0x08002859   Thumb Code   178  pid.o(i.VelocityRing_PID_Realize)
    Velocity_Test_Start                      0x08002919   Thumb Code    38  myconfig.o(i.Velocity_Test_Start)
    Velocity_Test_Stop                       0x08002949   Thumb Code    14  myconfig.o(i.Velocity_Test_Stop)
    __ARM_fpclassify                         0x0800295d   Thumb Code    40  fpclassify.o(i.__ARM_fpclassify)
    _is_digit                                0x08002985   Thumb Code    14  __printf_wp.o(i._is_digit)
    adc_init                                 0x08002995   Thumb Code   132  adc.o(i.adc_init)
    gpio_init                                0x08002a21   Thumb Code    94  gpio.o(i.gpio_init)
    main                                     0x08002a89   Thumb Code   212  main.o(i.main)
    set_motor_disable                        0x08002be9   Thumb Code    50  motor.o(i.set_motor_disable)
    set_motor_enable                         0x08002c25   Thumb Code    30  motor.o(i.set_motor_enable)
    uart1_send_char                          0x08002c4d   Thumb Code    28  usart.o(i.uart1_send_char)
    uart1_send_string                        0x08002c6d   Thumb Code    24  usart.o(i.uart1_send_string)
    uart_init                                0x08002c85   Thumb Code   152  usart.o(i.uart_init)
    _get_lc_numeric                          0x08002d25   Thumb Code    44  lc_numeric_c.o(locale$$code)
    __fpl_dretinf                            0x08002d51   Thumb Code    12  dretinf.o(x$fpl$dretinf)
    __aeabi_f2d                              0x08002d5d   Thumb Code     0  f2d.o(x$fpl$f2d)
    _f2d                                     0x08002d5d   Thumb Code    86  f2d.o(x$fpl$f2d)
    __aeabi_fadd                             0x08002db5   Thumb Code     0  faddsub_clz.o(x$fpl$fadd)
    _fadd                                    0x08002db5   Thumb Code   196  faddsub_clz.o(x$fpl$fadd)
    __fpl_fcmp_Inf                           0x08002e79   Thumb Code    24  fcmpi.o(x$fpl$fcmpinf)
    __aeabi_fdiv                             0x08002e91   Thumb Code     0  fdiv.o(x$fpl$fdiv)
    _fdiv                                    0x08002e91   Thumb Code   384  fdiv.o(x$fpl$fdiv)
    __aeabi_f2iz                             0x08003015   Thumb Code     0  ffix.o(x$fpl$ffix)
    _ffix                                    0x08003015   Thumb Code    54  ffix.o(x$fpl$ffix)
    __aeabi_i2f                              0x0800304d   Thumb Code     0  fflt_clz.o(x$fpl$fflt)
    _fflt                                    0x0800304d   Thumb Code    48  fflt_clz.o(x$fpl$fflt)
    __aeabi_cfcmple                          0x0800307d   Thumb Code     0  fleqf.o(x$fpl$fleqf)
    _fcmple                                  0x0800307d   Thumb Code   104  fleqf.o(x$fpl$fleqf)
    __fpl_fcmple_InfNaN                      0x080030cf   Thumb Code     0  fleqf.o(x$fpl$fleqf)
    __aeabi_fmul                             0x080030e5   Thumb Code     0  fmul.o(x$fpl$fmul)
    _fmul                                    0x080030e5   Thumb Code   258  fmul.o(x$fpl$fmul)
    __fpl_fnaninf                            0x080031e7   Thumb Code   140  fnaninf.o(x$fpl$fnaninf)
    __fpl_fretinf                            0x08003273   Thumb Code    10  fretinf.o(x$fpl$fretinf)
    __aeabi_cfrcmple                         0x0800327d   Thumb Code     0  frleqf.o(x$fpl$frleqf)
    _frcmple                                 0x0800327d   Thumb Code    98  frleqf.o(x$fpl$frleqf)
    __aeabi_frsub                            0x080032df   Thumb Code     0  faddsub_clz.o(x$fpl$frsb)
    _frsb                                    0x080032df   Thumb Code    20  faddsub_clz.o(x$fpl$frsb)
    __aeabi_fsub                             0x080032f5   Thumb Code     0  faddsub_clz.o(x$fpl$fsub)
    _fsub                                    0x080032f5   Thumb Code   234  faddsub_clz.o(x$fpl$fsub)
    _printf_fp_dec                           0x080033df   Thumb Code     4  printf1.o(x$fpl$printf1)
    __I$use$fp                               0x080033e2   Number         0  usenofp.o(x$fpl$usenofp)
    Region$$Table$$Base                      0x08003478   Number         0  anon$$obj.o(Region$$Table)
    Region$$Table$$Limit                     0x08003498   Number         0  anon$$obj.o(Region$$Table)
    RoadLineCheck                            0x20000000   Data           1  main.o(.data)
    g_Task_Status_Changed_Flag               0x20000001   Data           1  main.o(.data)
    ADC2ConvertedValue                       0x20000002   Data           2  stm32f10x_it.o(.data)
    fac_us                                   0x20000004   Data           1  delay.o(.data)
    fac_ms                                   0x20000006   Data           2  delay.o(.data)
    Flag                                     0x20000008   Data           3  myconfig.o(.data)
    g_Target_Speed_Debug                     0x2000000c   Data           4  myconfig.o(.data)
    g_Actual_Speed_Debug                     0x20000010   Data           4  myconfig.o(.data)
    g_Velocity_Out_Debug                     0x20000014   Data           4  myconfig.o(.data)
    g_Distance_Debug                         0x20000018   Data           4  myconfig.o(.data)
    SystemCoreClock                          0x20000030   Data           4  system_stm32f10x.o(.data)
    AHBPrescTable                            0x20000034   Data          16  system_stm32f10x.o(.data)
    rx_buff                                  0x20000044   Data         256  main.o(.bss)
    PID                                      0x20000144   Data          72  pid.o(.bss)
    Param                                    0x2000018c   Data          24  myconfig.o(.bss)
    __libspace_start                         0x200001a4   Data          96  libspace.o(.bss)
    __temporary_stack_top$libspace           0x20000204   Data           0  libspace.o(.bss)



==============================================================================

Memory Map of the image

  Image Entry point : 0x080000ed

  Load Region LR_IROM1 (Base: 0x08000000, Size: 0x000034f8, Max: 0x00010000, ABSOLUTE)

    Execution Region ER_IROM1 (Exec base: 0x08000000, Load base: 0x08000000, Size: 0x000034b4, Max: 0x00010000, ABSOLUTE)

    Exec Addr    Load Addr    Size         Type   Attr      Idx    E Section Name        Object

    0x08000000   0x08000000   0x000000ec   Data   RO         4042    RESET               startup_stm32f10x_md.o
    0x080000ec   0x080000ec   0x00000008   Code   RO         4086  * !!!main             c_w.l(__main.o)
    0x080000f4   0x080000f4   0x00000034   Code   RO         4369    !!!scatter          c_w.l(__scatter.o)
    0x08000128   0x08000128   0x0000001a   Code   RO         4371    !!handler_copy      c_w.l(__scatter_copy.o)
    0x08000142   0x08000142   0x00000002   PAD
    0x08000144   0x08000144   0x0000001c   Code   RO         4373    !!handler_zi        c_w.l(__scatter_zi.o)
    0x08000160   0x08000160   0x00000000   Code   RO         4079    .ARM.Collect$$_printf_percent$$00000000  c_w.l(_printf_percent.o)
    0x08000160   0x08000160   0x00000006   Code   RO         4078    .ARM.Collect$$_printf_percent$$00000003  c_w.l(_printf_f.o)
    0x08000166   0x08000166   0x00000006   Code   RO         4077    .ARM.Collect$$_printf_percent$$00000009  c_w.l(_printf_d.o)
    0x0800016c   0x0800016c   0x00000004   Code   RO         4151    .ARM.Collect$$_printf_percent$$00000017  c_w.l(_printf_percent_end.o)
    0x08000170   0x08000170   0x00000002   Code   RO         4243    .ARM.Collect$$libinit$$00000000  c_w.l(libinit.o)
    0x08000172   0x08000172   0x00000000   Code   RO         4245    .ARM.Collect$$libinit$$00000002  c_w.l(libinit2.o)
    0x08000172   0x08000172   0x00000000   Code   RO         4247    .ARM.Collect$$libinit$$00000004  c_w.l(libinit2.o)
    0x08000172   0x08000172   0x00000000   Code   RO         4250    .ARM.Collect$$libinit$$0000000A  c_w.l(libinit2.o)
    0x08000172   0x08000172   0x00000000   Code   RO         4252    .ARM.Collect$$libinit$$0000000C  c_w.l(libinit2.o)
    0x08000172   0x08000172   0x00000000   Code   RO         4254    .ARM.Collect$$libinit$$0000000E  c_w.l(libinit2.o)
    0x08000172   0x08000172   0x00000006   Code   RO         4255    .ARM.Collect$$libinit$$0000000F  c_w.l(libinit2.o)
    0x08000178   0x08000178   0x00000000   Code   RO         4257    .ARM.Collect$$libinit$$00000011  c_w.l(libinit2.o)
    0x08000178   0x08000178   0x00000000   Code   RO         4259    .ARM.Collect$$libinit$$00000013  c_w.l(libinit2.o)
    0x08000178   0x08000178   0x00000000   Code   RO         4261    .ARM.Collect$$libinit$$00000015  c_w.l(libinit2.o)
    0x08000178   0x08000178   0x0000000a   Code   RO         4262    .ARM.Collect$$libinit$$00000016  c_w.l(libinit2.o)
    0x08000182   0x08000182   0x00000000   Code   RO         4263    .ARM.Collect$$libinit$$00000017  c_w.l(libinit2.o)
    0x08000182   0x08000182   0x00000000   Code   RO         4265    .ARM.Collect$$libinit$$00000019  c_w.l(libinit2.o)
    0x08000182   0x08000182   0x00000000   Code   RO         4267    .ARM.Collect$$libinit$$0000001B  c_w.l(libinit2.o)
    0x08000182   0x08000182   0x00000000   Code   RO         4269    .ARM.Collect$$libinit$$0000001D  c_w.l(libinit2.o)
    0x08000182   0x08000182   0x00000000   Code   RO         4271    .ARM.Collect$$libinit$$0000001F  c_w.l(libinit2.o)
    0x08000182   0x08000182   0x00000000   Code   RO         4273    .ARM.Collect$$libinit$$00000021  c_w.l(libinit2.o)
    0x08000182   0x08000182   0x00000000   Code   RO         4275    .ARM.Collect$$libinit$$00000023  c_w.l(libinit2.o)
    0x08000182   0x08000182   0x00000000   Code   RO         4277    .ARM.Collect$$libinit$$00000025  c_w.l(libinit2.o)
    0x08000182   0x08000182   0x00000000   Code   RO         4281    .ARM.Collect$$libinit$$0000002C  c_w.l(libinit2.o)
    0x08000182   0x08000182   0x00000000   Code   RO         4283    .ARM.Collect$$libinit$$0000002E  c_w.l(libinit2.o)
    0x08000182   0x08000182   0x00000000   Code   RO         4285    .ARM.Collect$$libinit$$00000030  c_w.l(libinit2.o)
    0x08000182   0x08000182   0x00000000   Code   RO         4287    .ARM.Collect$$libinit$$00000032  c_w.l(libinit2.o)
    0x08000182   0x08000182   0x00000002   Code   RO         4288    .ARM.Collect$$libinit$$00000033  c_w.l(libinit2.o)
    0x08000184   0x08000184   0x00000002   Code   RO         4318    .ARM.Collect$$libshutdown$$00000000  c_w.l(libshutdown.o)
    0x08000186   0x08000186   0x00000000   Code   RO         4330    .ARM.Collect$$libshutdown$$00000003  c_w.l(libshutdown2.o)
    0x08000186   0x08000186   0x00000000   Code   RO         4333    .ARM.Collect$$libshutdown$$00000006  c_w.l(libshutdown2.o)
    0x08000186   0x08000186   0x00000000   Code   RO         4336    .ARM.Collect$$libshutdown$$00000009  c_w.l(libshutdown2.o)
    0x08000186   0x08000186   0x00000000   Code   RO         4338    .ARM.Collect$$libshutdown$$0000000B  c_w.l(libshutdown2.o)
    0x08000186   0x08000186   0x00000000   Code   RO         4341    .ARM.Collect$$libshutdown$$0000000E  c_w.l(libshutdown2.o)
    0x08000186   0x08000186   0x00000002   Code   RO         4342    .ARM.Collect$$libshutdown$$0000000F  c_w.l(libshutdown2.o)
    0x08000188   0x08000188   0x00000000   Code   RO         4142    .ARM.Collect$$rtentry$$00000000  c_w.l(__rtentry.o)
    0x08000188   0x08000188   0x00000000   Code   RO         4170    .ARM.Collect$$rtentry$$00000002  c_w.l(__rtentry2.o)
    0x08000188   0x08000188   0x00000006   Code   RO         4182    .ARM.Collect$$rtentry$$00000004  c_w.l(__rtentry4.o)
    0x0800018e   0x0800018e   0x00000000   Code   RO         4172    .ARM.Collect$$rtentry$$00000009  c_w.l(__rtentry2.o)
    0x0800018e   0x0800018e   0x00000004   Code   RO         4173    .ARM.Collect$$rtentry$$0000000A  c_w.l(__rtentry2.o)
    0x08000192   0x08000192   0x00000000   Code   RO         4175    .ARM.Collect$$rtentry$$0000000C  c_w.l(__rtentry2.o)
    0x08000192   0x08000192   0x00000008   Code   RO         4176    .ARM.Collect$$rtentry$$0000000D  c_w.l(__rtentry2.o)
    0x0800019a   0x0800019a   0x00000002   Code   RO         4289    .ARM.Collect$$rtexit$$00000000  c_w.l(rtexit.o)
    0x0800019c   0x0800019c   0x00000000   Code   RO         4296    .ARM.Collect$$rtexit$$00000002  c_w.l(rtexit2.o)
    0x0800019c   0x0800019c   0x00000004   Code   RO         4297    .ARM.Collect$$rtexit$$00000003  c_w.l(rtexit2.o)
    0x080001a0   0x080001a0   0x00000006   Code   RO         4298    .ARM.Collect$$rtexit$$00000004  c_w.l(rtexit2.o)
    0x080001a6   0x080001a6   0x00000002   PAD
    0x080001a8   0x080001a8   0x00000040   Code   RO         4043    .text               startup_stm32f10x_md.o
    0x080001e8   0x080001e8   0x00000028   Code   RO         4051    .text               c_w.l(noretval__2sprintf.o)
    0x08000210   0x08000210   0x00000078   Code   RO         4055    .text               c_w.l(_printf_dec.o)
    0x08000288   0x08000288   0x0000010e   Code   RO         4065    .text               c_w.l(__printf_wp.o)
    0x08000396   0x08000396   0x00000044   Code   RO         4082    .text               c_w.l(rt_memclr.o)
    0x080003da   0x080003da   0x00000006   Code   RO         4084    .text               c_w.l(heapauxi.o)
    0x080003e0   0x080003e0   0x000000b2   Code   RO         4143    .text               c_w.l(_printf_intcommon.o)
    0x08000492   0x08000492   0x0000041a   Code   RO         4145    .text               c_w.l(_printf_fp_dec.o)
    0x080008ac   0x080008ac   0x00000030   Code   RO         4147    .text               c_w.l(_printf_char_common.o)
    0x080008dc   0x080008dc   0x0000000a   Code   RO         4149    .text               c_w.l(_sputc.o)
    0x080008e6   0x080008e6   0x0000004e   Code   RO         4154    .text               c_w.l(rt_memclr_w.o)
    0x08000934   0x08000934   0x00000008   Code   RO         4187    .text               c_w.l(rt_locale_intlibspace.o)
    0x0800093c   0x0800093c   0x0000008a   Code   RO         4189    .text               c_w.l(lludiv10.o)
    0x080009c6   0x080009c6   0x00000002   PAD
    0x080009c8   0x080009c8   0x00000080   Code   RO         4191    .text               c_w.l(_printf_fp_infnan.o)
    0x08000a48   0x08000a48   0x000000dc   Code   RO         4195    .text               c_w.l(bigflt0.o)
    0x08000b24   0x08000b24   0x00000008   Code   RO         4229    .text               c_w.l(libspace.o)
    0x08000b2c   0x08000b2c   0x0000004a   Code   RO         4232    .text               c_w.l(sys_stackheap_outer.o)
    0x08000b76   0x08000b76   0x0000000c   Code   RO         4234    .text               c_w.l(exit.o)
    0x08000b82   0x08000b82   0x00000002   PAD
    0x08000b84   0x08000b84   0x00000080   Code   RO         4236    .text               c_w.l(strcmpv7m.o)
    0x08000c04   0x08000c04   0x0000000c   Code   RO         4308    .text               c_w.l(sys_exit.o)
    0x08000c10   0x08000c10   0x00000002   Code   RO         4319    .text               c_w.l(use_no_semi.o)
    0x08000c12   0x08000c12   0x00000000   Code   RO         4321    .text               c_w.l(indicate_semi.o)
    0x08000c12   0x08000c12   0x0000003e   Code   RO         4198    CL$$btod_d2e        c_w.l(btod.o)
    0x08000c50   0x08000c50   0x00000046   Code   RO         4200    CL$$btod_d2e_denorm_low  c_w.l(btod.o)
    0x08000c96   0x08000c96   0x00000060   Code   RO         4199    CL$$btod_d2e_norm_op1  c_w.l(btod.o)
    0x08000cf6   0x08000cf6   0x00000338   Code   RO         4208    CL$$btod_div_common  c_w.l(btod.o)
    0x0800102e   0x0800102e   0x000000c6   Code   RO         4205    CL$$btod_e2e        c_w.l(btod.o)
    0x080010f4   0x080010f4   0x00000028   Code   RO         4202    CL$$btod_ediv       c_w.l(btod.o)
    0x0800111c   0x0800111c   0x00000028   Code   RO         4201    CL$$btod_emul       c_w.l(btod.o)
    0x08001144   0x08001144   0x00000244   Code   RO         4207    CL$$btod_mult_common  c_w.l(btod.o)
    0x08001388   0x08001388   0x00000018   Code   RO          163    i.ADC1_2_IRQHandler  stm32f10x_it.o
    0x080013a0   0x080013a0   0x00000016   Code   RO         1071    i.ADC_Cmd           stm32f10x_adc.o
    0x080013b6   0x080013b6   0x00000002   PAD
    0x080013b8   0x080013b8   0x0000005c   Code   RO         1073    i.ADC_DeInit        stm32f10x_adc.o
    0x08001414   0x08001414   0x00000014   Code   RO         1079    i.ADC_GetCalibrationStatus  stm32f10x_adc.o
    0x08001428   0x08001428   0x00000008   Code   RO         1080    i.ADC_GetConversionValue  stm32f10x_adc.o
    0x08001430   0x08001430   0x00000014   Code   RO         1085    i.ADC_GetResetCalibrationStatus  stm32f10x_adc.o
    0x08001444   0x08001444   0x00000050   Code   RO         1089    i.ADC_Init          stm32f10x_adc.o
    0x08001494   0x08001494   0x0000000a   Code   RO         1094    i.ADC_ResetCalibration  stm32f10x_adc.o
    0x0800149e   0x0800149e   0x0000000a   Code   RO         1098    i.ADC_StartCalibration  stm32f10x_adc.o
    0x080014a8   0x080014a8   0x00000004   Code   RO          164    i.BusFault_Handler  stm32f10x_it.o
    0x080014ac   0x080014ac   0x00000002   Code   RO          165    i.DebugMon_Handler  stm32f10x_it.o
    0x080014ae   0x080014ae   0x00000002   PAD
    0x080014b0   0x080014b0   0x00000048   Code   RO          552    i.Delay_Init        delay.o
    0x080014f8   0x080014f8   0x0000004c   Code   RO          553    i.Delay_ms          delay.o
    0x08001544   0x08001544   0x0000004c   Code   RO         1004    i.EXTI15_10_IRQHandler  key.o
    0x08001590   0x08001590   0x0000000c   Code   RO         1827    i.EXTI_ClearITPendingBit  stm32f10x_exti.o
    0x0800159c   0x0800159c   0x00000028   Code   RO         1831    i.EXTI_GetITStatus  stm32f10x_exti.o
    0x080015c4   0x080015c4   0x00000094   Code   RO         1832    i.EXTI_Init         stm32f10x_exti.o
    0x08001658   0x08001658   0x00000040   Code   RO         2177    i.GPIO_EXTILineConfig  stm32f10x_gpio.o
    0x08001698   0x08001698   0x00000116   Code   RO         2180    i.GPIO_Init         stm32f10x_gpio.o
    0x080017ae   0x080017ae   0x00000012   Code   RO         2184    i.GPIO_ReadInputDataBit  stm32f10x_gpio.o
    0x080017c0   0x080017c0   0x0000000a   Code   RO         2191    i.GPIO_WriteBit     stm32f10x_gpio.o
    0x080017ca   0x080017ca   0x00000004   Code   RO          166    i.HardFault_Handler  stm32f10x_it.o
    0x080017ce   0x080017ce   0x00000002   PAD
    0x080017d0   0x080017d0   0x0000002c   Code   RO          967    i.Infrafred_GPIO_Init  infrared.o
    0x080017fc   0x080017fc   0x00000068   Code   RO         1005    i.KEY_Init          key.o
    0x08001864   0x08001864   0x00000058   Code   RO          582    i.Load_Motor_PWM    motor.o
    0x080018bc   0x080018bc   0x00000004   Code   RO          167    i.MemManage_Handler  stm32f10x_it.o
    0x080018c0   0x080018c0   0x0000002c   Code   RO          583    i.Motor_GPIO_Init   motor.o
    0x080018ec   0x080018ec   0x00000040   Code   RO          584    i.Motor_Left_DIR    motor.o
    0x0800192c   0x0800192c   0x00000040   Code   RO          585    i.Motor_Right_DIR   motor.o
    0x0800196c   0x0800196c   0x00000002   Code   RO          168    i.NMI_Handler       stm32f10x_it.o
    0x0800196e   0x0800196e   0x0000000c   Code   RO          671    i.NVIC_Config       myconfig.o
    0x0800197a   0x0800197a   0x00000002   PAD
    0x0800197c   0x0800197c   0x00000070   Code   RO         1029    i.NVIC_Init         misc.o
    0x080019ec   0x080019ec   0x00000014   Code   RO         1030    i.NVIC_PriorityGroupConfig  misc.o
    0x08001a00   0x08001a00   0x00000038   Code   RO          642    i.PID_Param_Init    pid.o
    0x08001a38   0x08001a38   0x00000002   Code   RO          169    i.PendSV_Handler    stm32f10x_it.o
    0x08001a3a   0x08001a3a   0x00000002   PAD
    0x08001a3c   0x08001a3c   0x00000018   Code   RO         2594    i.RCC_ADCCLKConfig  stm32f10x_rcc.o
    0x08001a54   0x08001a54   0x00000020   Code   RO         2596    i.RCC_APB1PeriphClockCmd  stm32f10x_rcc.o
    0x08001a74   0x08001a74   0x00000020   Code   RO         2598    i.RCC_APB2PeriphClockCmd  stm32f10x_rcc.o
    0x08001a94   0x08001a94   0x00000020   Code   RO         2599    i.RCC_APB2PeriphResetCmd  stm32f10x_rcc.o
    0x08001ab4   0x08001ab4   0x000000d4   Code   RO         2606    i.RCC_GetClocksFreq  stm32f10x_rcc.o
    0x08001b88   0x08001b88   0x00000044   Code   RO          718    i.Read_Pulse        encoder.o
    0x08001bcc   0x08001bcc   0x00000002   Code   RO          170    i.SVC_Handler       stm32f10x_it.o
    0x08001bce   0x08001bce   0x00000008   Code   RO         4006    i.SetSysClock       system_stm32f10x.o
    0x08001bd6   0x08001bd6   0x00000002   PAD
    0x08001bd8   0x08001bd8   0x000000e0   Code   RO         4007    i.SetSysClockTo72   system_stm32f10x.o
    0x08001cb8   0x08001cb8   0x00000002   Code   RO          171    i.SysTick_Handler   stm32f10x_it.o
    0x08001cba   0x08001cba   0x00000002   PAD
    0x08001cbc   0x08001cbc   0x00000060   Code   RO         4009    i.SystemInit        system_stm32f10x.o
    0x08001d1c   0x08001d1c   0x00000080   Code   RO         3214    i.TI1_Config        stm32f10x_tim.o
    0x08001d9c   0x08001d9c   0x00000098   Code   RO         3215    i.TI2_Config        stm32f10x_tim.o
    0x08001e34   0x08001e34   0x00000090   Code   RO         3216    i.TI3_Config        stm32f10x_tim.o
    0x08001ec4   0x08001ec4   0x00000098   Code   RO         3217    i.TI4_Config        stm32f10x_tim.o
    0x08001f5c   0x08001f5c   0x000000b0   Code   RO          989    i.TIM1_PWM_Init     tim1.o
    0x0800200c   0x0800200c   0x00000094   Code   RO          719    i.TIM2_Encoder_Init  encoder.o
    0x080020a0   0x080020a0   0x00000018   Code   RO          720    i.TIM2_IRQHandler   encoder.o
    0x080020b8   0x080020b8   0x000000c0   Code   RO          672    i.TIM3_IRQHandler   myconfig.o
    0x08002178   0x08002178   0x00000094   Code   RO          721    i.TIM4_Encoder_Init  encoder.o
    0x0800220c   0x0800220c   0x0000001c   Code   RO          722    i.TIM4_IRQHandler   encoder.o
    0x08002228   0x08002228   0x00000018   Code   RO         3218    i.TIM_ARRPreloadConfig  stm32f10x_tim.o
    0x08002240   0x08002240   0x0000001e   Code   RO         3222    i.TIM_CCxCmd        stm32f10x_tim.o
    0x0800225e   0x0800225e   0x00000006   Code   RO         3225    i.TIM_ClearITPendingBit  stm32f10x_tim.o
    0x08002264   0x08002264   0x00000018   Code   RO         3230    i.TIM_Cmd           stm32f10x_tim.o
    0x0800227c   0x0800227c   0x0000001e   Code   RO         3232    i.TIM_CtrlPWMOutputs  stm32f10x_tim.o
    0x0800229a   0x0800229a   0x00000042   Code   RO         3239    i.TIM_EncoderInterfaceConfig  stm32f10x_tim.o
    0x080022dc   0x080022dc   0x00000006   Code   RO         3249    i.TIM_GetCounter    stm32f10x_tim.o
    0x080022e2   0x080022e2   0x00000022   Code   RO         3251    i.TIM_GetITStatus   stm32f10x_tim.o
    0x08002304   0x08002304   0x000000ac   Code   RO         3253    i.TIM_ICInit        stm32f10x_tim.o
    0x080023b0   0x080023b0   0x00000012   Code   RO         3255    i.TIM_ITConfig      stm32f10x_tim.o
    0x080023c2   0x080023c2   0x00000002   PAD
    0x080023c4   0x080023c4   0x00000098   Code   RO         3259    i.TIM_OC1Init       stm32f10x_tim.o
    0x0800245c   0x0800245c   0x00000012   Code   RO         3262    i.TIM_OC1PreloadConfig  stm32f10x_tim.o
    0x0800246e   0x0800246e   0x00000002   PAD
    0x08002470   0x08002470   0x0000007c   Code   RO         3274    i.TIM_OC4Init       stm32f10x_tim.o
    0x080024ec   0x080024ec   0x0000001a   Code   RO         3276    i.TIM_OC4PreloadConfig  stm32f10x_tim.o
    0x08002506   0x08002506   0x00000014   Code   RO         3277    i.TIM_OCStructInit  stm32f10x_tim.o
    0x0800251a   0x0800251a   0x00000004   Code   RO         3291    i.TIM_SetCompare1   stm32f10x_tim.o
    0x0800251e   0x0800251e   0x00000006   Code   RO         3294    i.TIM_SetCompare4   stm32f10x_tim.o
    0x08002524   0x08002524   0x00000004   Code   RO         3295    i.TIM_SetCounter    stm32f10x_tim.o
    0x08002528   0x08002528   0x00000012   Code   RO         3296    i.TIM_SetIC1Prescaler  stm32f10x_tim.o
    0x0800253a   0x0800253a   0x0000001a   Code   RO         3297    i.TIM_SetIC2Prescaler  stm32f10x_tim.o
    0x08002554   0x08002554   0x00000012   Code   RO         3298    i.TIM_SetIC3Prescaler  stm32f10x_tim.o
    0x08002566   0x08002566   0x0000001a   Code   RO         3299    i.TIM_SetIC4Prescaler  stm32f10x_tim.o
    0x08002580   0x08002580   0x000000a4   Code   RO         3301    i.TIM_TimeBaseInit  stm32f10x_tim.o
    0x08002624   0x08002624   0x00000012   Code   RO         3302    i.TIM_TimeBaseStructInit  stm32f10x_tim.o
    0x08002636   0x08002636   0x00000002   PAD
    0x08002638   0x08002638   0x0000007c   Code   RO          757    i.Tim3_Init         tim3.o
    0x080026b4   0x080026b4   0x00000018   Code   RO         3766    i.USART_Cmd         stm32f10x_usart.o
    0x080026cc   0x080026cc   0x0000001a   Code   RO         3769    i.USART_GetFlagStatus  stm32f10x_usart.o
    0x080026e6   0x080026e6   0x0000004a   Code   RO         3772    i.USART_ITConfig    stm32f10x_usart.o
    0x08002730   0x08002730   0x000000d8   Code   RO         3773    i.USART_Init        stm32f10x_usart.o
    0x08002808   0x08002808   0x00000008   Code   RO         3783    i.USART_SendData    stm32f10x_usart.o
    0x08002810   0x08002810   0x00000004   Code   RO          172    i.UsageFault_Handler  stm32f10x_it.o
    0x08002814   0x08002814   0x00000044   Code   RO          673    i.VelocityRing_Out  myconfig.o
    0x08002858   0x08002858   0x000000c0   Code   RO          643    i.VelocityRing_PID_Realize  pid.o
    0x08002918   0x08002918   0x00000030   Code   RO          674    i.Velocity_Test_Start  myconfig.o
    0x08002948   0x08002948   0x00000014   Code   RO          675    i.Velocity_Test_Stop  myconfig.o
    0x0800295c   0x0800295c   0x00000028   Code   RO         4227    i.__ARM_fpclassify  m_ws.l(fpclassify.o)
    0x08002984   0x08002984   0x0000000e   Code   RO         4067    i._is_digit         c_w.l(__printf_wp.o)
    0x08002992   0x08002992   0x00000002   PAD
    0x08002994   0x08002994   0x0000008c   Code   RO          319    i.adc_init          adc.o
    0x08002a20   0x08002a20   0x00000068   Code   RO          339    i.gpio_init         gpio.o
    0x08002a88   0x08002a88   0x00000160   Code   RO            1    i.main              main.o
    0x08002be8   0x08002be8   0x0000003c   Code   RO          586    i.set_motor_disable  motor.o
    0x08002c24   0x08002c24   0x00000028   Code   RO          587    i.set_motor_enable  motor.o
    0x08002c4c   0x08002c4c   0x00000020   Code   RO          355    i.uart1_send_char   usart.o
    0x08002c6c   0x08002c6c   0x00000018   Code   RO          356    i.uart1_send_string  usart.o
    0x08002c84   0x08002c84   0x000000a0   Code   RO          357    i.uart_init         usart.o
    0x08002d24   0x08002d24   0x0000002c   Code   RO         4221    locale$$code        c_w.l(lc_numeric_c.o)
    0x08002d50   0x08002d50   0x0000000c   Code   RO         4160    x$fpl$dretinf       fz_ws.l(dretinf.o)
    0x08002d5c   0x08002d5c   0x00000056   Code   RO         4112    x$fpl$f2d           fz_ws.l(f2d.o)
    0x08002db2   0x08002db2   0x00000002   PAD
    0x08002db4   0x08002db4   0x000000c4   Code   RO         4114    x$fpl$fadd          fz_ws.l(faddsub_clz.o)
    0x08002e78   0x08002e78   0x00000018   Code   RO         4162    x$fpl$fcmpinf       fz_ws.l(fcmpi.o)
    0x08002e90   0x08002e90   0x00000184   Code   RO         4121    x$fpl$fdiv          fz_ws.l(fdiv.o)
    0x08003014   0x08003014   0x00000036   Code   RO         4124    x$fpl$ffix          fz_ws.l(ffix.o)
    0x0800304a   0x0800304a   0x00000002   PAD
    0x0800304c   0x0800304c   0x00000030   Code   RO         4129    x$fpl$fflt          fz_ws.l(fflt_clz.o)
    0x0800307c   0x0800307c   0x00000068   Code   RO         4134    x$fpl$fleqf         fz_ws.l(fleqf.o)
    0x080030e4   0x080030e4   0x00000102   Code   RO         4136    x$fpl$fmul          fz_ws.l(fmul.o)
    0x080031e6   0x080031e6   0x0000008c   Code   RO         4164    x$fpl$fnaninf       fz_ws.l(fnaninf.o)
    0x08003272   0x08003272   0x0000000a   Code   RO         4166    x$fpl$fretinf       fz_ws.l(fretinf.o)
    0x0800327c   0x0800327c   0x00000062   Code   RO         4138    x$fpl$frleqf        fz_ws.l(frleqf.o)
    0x080032de   0x080032de   0x00000014   Code   RO         4115    x$fpl$frsb          fz_ws.l(faddsub_clz.o)
    0x080032f2   0x080032f2   0x00000002   PAD
    0x080032f4   0x080032f4   0x000000ea   Code   RO         4116    x$fpl$fsub          fz_ws.l(faddsub_clz.o)
    0x080033de   0x080033de   0x00000004   Code   RO         4140    x$fpl$printf1       fz_ws.l(printf1.o)
    0x080033e2   0x080033e2   0x00000000   Code   RO         4168    x$fpl$usenofp       fz_ws.l(usenofp.o)
    0x080033e2   0x080033e2   0x00000002   PAD
    0x080033e4   0x080033e4   0x00000094   Data   RO         4196    .constdata          c_w.l(bigflt0.o)
    0x08003478   0x08003478   0x00000020   Data   RO         4367    Region$$Table       anon$$obj.o
    0x08003498   0x08003498   0x0000001c   Data   RO         4220    locale$$data        c_w.l(lc_numeric_c.o)


    Execution Region RW_IRAM1 (Exec base: 0x20000000, Load base: 0x080034b4, Size: 0x00000808, Max: 0x00005000, ABSOLUTE)

    Exec Addr    Load Addr    Size         Type   Attr      Idx    E Section Name        Object

    0x20000000   0x080034b4   0x00000002   Data   RW            3    .data               main.o
    0x20000002   0x080034b6   0x00000002   Data   RW          173    .data               stm32f10x_it.o
    0x20000004   0x080034b8   0x00000004   Data   RW          555    .data               delay.o
    0x20000008   0x080034bc   0x00000014   Data   RW          677    .data               myconfig.o
    0x2000001c   0x080034d0   0x00000014   Data   RW         2626    .data               stm32f10x_rcc.o
    0x20000030   0x080034e4   0x00000014   Data   RW         4010    .data               system_stm32f10x.o
    0x20000044        -       0x00000100   Zero   RW            2    .bss                main.o
    0x20000144        -       0x00000048   Zero   RW          644    .bss                pid.o
    0x2000018c        -       0x00000018   Zero   RW          676    .bss                myconfig.o
    0x200001a4        -       0x00000060   Zero   RW         4230    .bss                c_w.l(libspace.o)
    0x20000204   0x080034f8   0x00000004   PAD
    0x20000208        -       0x00000200   Zero   RW         4041    HEAP                startup_stm32f10x_md.o
    0x20000408        -       0x00000400   Zero   RW         4040    STACK               startup_stm32f10x_md.o


==============================================================================

Image component sizes


      Code (inc. data)   RO Data    RW Data    ZI Data      Debug   Object Name

       140          8          0          0          0        603   adc.o
       148         20          0          4          0       1200   delay.o
       416         24          0          0          0       2825   encoder.o
       104         10          0          0          0        528   gpio.o
        44          4          0          0          0        522   infrared.o
       180         20          0          0          0       1010   key.o
       352        140          0          2        256      36576   main.o
       132         22          0          0          0       1815   misc.o
       360         44          0          0          0       3805   motor.o
       340         76          0         20         24       4267   myconfig.o
       248         24          0          0         72       2178   pid.o
        64         26        236          0       1536        840   startup_stm32f10x_md.o
       262         24          0          0          0       7048   stm32f10x_adc.o
       200         18          0          0          0       2424   stm32f10x_exti.o
       370          4          0          0          0       4130   stm32f10x_gpio.o
        50         10          0          2          0     265243   stm32f10x_it.o
       332         44          0         20          0       5990   stm32f10x_rcc.o
      1610        180          0          0          0      19153   stm32f10x_tim.o
       348          6          0          0          0       5241   stm32f10x_usart.o
         0          0          0          0          0         32   sys.o
       328         28          0         20          0       2421   system_stm32f10x.o
       176         10          0          0          0        740   tim1.o
       124          4          0          0          0        576   tim3.o
       216         12          0          0          0     223430   usart.o

    ----------------------------------------------------------------------
      6564        758        268         68       1888     592597   Object Totals
         0          0         32          0          0          0   (incl. Generated)
        20          0          0          0          0          0   (incl. Padding)

    ----------------------------------------------------------------------

      Code (inc. data)   RO Data    RW Data    ZI Data      Debug   Library Member Name

         8          0          0          0          0         68   __main.o
       284          0          0          0          0        156   __printf_wp.o
         0          0          0          0          0          0   __rtentry.o
        12          0          0          0          0          0   __rtentry2.o
         6          0          0          0          0          0   __rtentry4.o
        52          8          0          0          0          0   __scatter.o
        26          0          0          0          0          0   __scatter_copy.o
        28          0          0          0          0          0   __scatter_zi.o
        48          6          0          0          0         96   _printf_char_common.o
         6          0          0          0          0          0   _printf_d.o
       120         16          0          0          0         92   _printf_dec.o
         6          0          0          0          0          0   _printf_f.o
      1050          0          0          0          0        216   _printf_fp_dec.o
       128         16          0          0          0         84   _printf_fp_infnan.o
       178          0          0          0          0         88   _printf_intcommon.o
         0          0          0          0          0          0   _printf_percent.o
         4          0          0          0          0          0   _printf_percent_end.o
        10          0          0          0          0         68   _sputc.o
       220          4        148          0          0         96   bigflt0.o
      1910        128          0          0          0        672   btod.o
        12          0          0          0          0         72   exit.o
         6          0          0          0          0        152   heapauxi.o
         0          0          0          0          0          0   indicate_semi.o
        44         10         28          0          0         76   lc_numeric_c.o
         2          0          0          0          0          0   libinit.o
        18          0          0          0          0          0   libinit2.o
         2          0          0          0          0          0   libshutdown.o
         2          0          0          0          0          0   libshutdown2.o
         8          4          0          0         96         68   libspace.o
       138          0          0          0          0         80   lludiv10.o
        40          6          0          0          0         84   noretval__2sprintf.o
         8          4          0          0          0         68   rt_locale_intlibspace.o
        68          0          0          0          0         68   rt_memclr.o
        78          0          0          0          0         80   rt_memclr_w.o
         2          0          0          0          0          0   rtexit.o
        10          0          0          0          0          0   rtexit2.o
       128          0          0          0          0         68   strcmpv7m.o
        12          4          0          0          0         68   sys_exit.o
        74          0          0          0          0         80   sys_stackheap_outer.o
         2          0          0          0          0         68   use_no_semi.o
        12          0          0          0          0         68   dretinf.o
        86          4          0          0          0         84   f2d.o
       450          8          0          0          0        236   faddsub_clz.o
        24          0          0          0          0         68   fcmpi.o
       388         76          0          0          0         96   fdiv.o
        54          4          0          0          0         84   ffix.o
        48          0          0          0          0         68   fflt_clz.o
       104          4          0          0          0         84   fleqf.o
       258          4          0          0          0         84   fmul.o
       140          4          0          0          0         84   fnaninf.o
        10          0          0          0          0         68   fretinf.o
        98          0          0          0          0         68   frleqf.o
         4          0          0          0          0         68   printf1.o
         0          0          0          0          0          0   usenofp.o
        40          0          0          0          0         68   fpclassify.o

    ----------------------------------------------------------------------
      6484        310        176          0        100       3896   Library Totals
        18          0          0          0          4          0   (incl. Padding)

    ----------------------------------------------------------------------

      Code (inc. data)   RO Data    RW Data    ZI Data      Debug   Library Name

      4750        206        176          0         96       2668   c_w.l
      1676        104          0          0          0       1160   fz_ws.l
        40          0          0          0          0         68   m_ws.l

    ----------------------------------------------------------------------
      6484        310        176          0        100       3896   Library Totals

    ----------------------------------------------------------------------

==============================================================================


      Code (inc. data)   RO Data    RW Data    ZI Data      Debug   

     13048       1068        444         68       1988     589261   Grand Totals
     13048       1068        444         68       1988     589261   ELF Image Totals
     13048       1068        444         68          0          0   ROM Totals

==============================================================================

    Total RO  Size (Code + RO Data)                13492 (  13.18kB)
    Total RW  Size (RW Data + ZI Data)              2056 (   2.01kB)
    Total ROM Size (Code + RO Data + RW Data)      13560 (  13.24kB)

==============================================================================

